nohup: ignoring input
CFD-2D data loaded: x (64, 64, 10, 4), y (64, 64, 21, 4), grid (64, 64, 2)
CFD normalization enabled: mean=[5.029595375061035, 24.71432113647461, 3.868645217153244e-05, -0.00010047727118944749], std=[2.9331934452056885, 22.035043716430664, 0.07398594915866852, 0.07406281679868698]
parameters: 528108
epoch 0000 | 31.26s | train_full 3.294346e-01 | test_full 3.006240e-01
epoch 0001 | 30.57s | train_full 1.650144e-01 | test_full 1.732815e-01
epoch 0002 | 30.58s | train_full 1.524487e-01 | test_full 1.749851e-01
epoch 0003 | 30.53s | train_full 1.532719e-01 | test_full 1.555902e-01
epoch 0004 | 30.71s | train_full 1.461773e-01 | test_full 1.500015e-01
epoch 0005 | 33.23s | train_full 1.417672e-01 | test_full 2.426300e-01
epoch 0006 | 30.62s | train_full 1.302826e-01 | test_full 2.040054e-01
epoch 0007 | 30.54s | train_full 1.258511e-01 | test_full 1.370146e-01
epoch 0008 | 30.84s | train_full 1.338695e-01 | test_full 3.268024e-01
epoch 0009 | 29.78s | train_full 1.249919e-01 | test_full 1.542275e-01
epoch 0010 | 29.03s | train_full 1.249534e-01 | test_full 2.356584e-01
epoch 0011 | 28.99s | train_full 1.231724e-01 | test_full 1.819298e-01
epoch 0012 | 28.99s | train_full 1.250584e-01 | test_full 1.466324e-01
epoch 0013 | 30.67s | train_full 1.215275e-01 | test_full 1.642736e-01
epoch 0014 | 29.95s | train_full 1.274069e-01 | test_full 2.513741e-01
epoch 0015 | 30.62s | train_full 1.170684e-01 | test_full 1.532800e-01
epoch 0016 | 29.50s | train_full 1.153465e-01 | test_full 2.041115e-01
epoch 0017 | 28.90s | train_full 1.163313e-01 | test_full 1.187837e-01
epoch 0018 | 29.28s | train_full 1.147929e-01 | test_full 1.280365e-01
epoch 0019 | 30.02s | train_full 1.129368e-01 | test_full 1.850306e-01
epoch 0020 | 30.47s | train_full 1.119246e-01 | test_full 1.229871e-01
epoch 0021 | 28.95s | train_full 1.130280e-01 | test_full 1.346372e-01
epoch 0022 | 29.88s | train_full 1.018056e-01 | test_full 1.162180e-01
epoch 0023 | 30.72s | train_full 1.093746e-01 | test_full 1.100152e-01
epoch 0024 | 29.51s | train_full 1.032927e-01 | test_full 1.641725e-01
epoch 0025 | 28.61s | train_full 1.109372e-01 | test_full 1.270396e-01
epoch 0026 | 31.25s | train_full 9.857505e-02 | test_full 1.297587e-01
epoch 0027 | 30.52s | train_full 1.023622e-01 | test_full 1.550983e-01
epoch 0028 | 29.72s | train_full 9.998880e-02 | test_full 1.132788e-01
epoch 0029 | 29.82s | train_full 9.829364e-02 | test_full 1.004422e-01
epoch 0030 | 29.17s | train_full 9.077981e-02 | test_full 9.754224e-02
epoch 0031 | 30.74s | train_full 1.006561e-01 | test_full 1.484774e-01
epoch 0032 | 30.30s | train_full 9.653141e-02 | test_full 1.607330e-01
epoch 0033 | 30.28s | train_full 1.054562e-01 | test_full 1.244940e-01
epoch 0034 | 29.09s | train_full 8.878293e-02 | test_full 1.297620e-01
epoch 0035 | 28.33s | train_full 9.492538e-02 | test_full 1.266793e-01
epoch 0036 | 30.28s | train_full 1.031184e-01 | test_full 1.565409e-01
epoch 0037 | 29.24s | train_full 9.358197e-02 | test_full 1.022082e-01
epoch 0038 | 28.51s | train_full 9.899722e-02 | test_full 9.935645e-02
epoch 0039 | 29.80s | train_full 9.572083e-02 | test_full 1.163916e-01
epoch 0040 | 30.80s | train_full 8.862168e-02 | test_full 1.061169e-01
epoch 0041 | 30.28s | train_full 1.011763e-01 | test_full 8.974989e-02
epoch 0042 | 29.37s | train_full 9.692397e-02 | test_full 1.234957e-01
epoch 0043 | 29.51s | train_full 9.046505e-02 | test_full 9.770886e-02
epoch 0044 | 30.01s | train_full 9.969310e-02 | test_full 1.335010e-01
epoch 0045 | 28.95s | train_full 9.901674e-02 | test_full 1.130763e-01
epoch 0046 | 30.05s | train_full 1.048778e-01 | test_full 1.092788e-01
epoch 0047 | 29.76s | train_full 8.738164e-02 | test_full 8.933374e-02
epoch 0048 | 29.21s | train_full 9.222213e-02 | test_full 2.131805e-01
epoch 0049 | 29.19s | train_full 8.641052e-02 | test_full 1.436424e-01
epoch 0050 | 30.41s | train_full 8.997161e-02 | test_full 1.065967e-01
epoch 0051 | 30.68s | train_full 8.771658e-02 | test_full 2.052890e-01
epoch 0052 | 30.06s | train_full 8.194936e-02 | test_full 1.147696e-01
epoch 0053 | 30.50s | train_full 8.154924e-02 | test_full 1.625251e-01
epoch 0054 | 30.02s | train_full 8.503409e-02 | test_full 1.096254e-01
epoch 0055 | 29.23s | train_full 9.513958e-02 | test_full 8.573027e-02
epoch 0056 | 28.96s | train_full 9.069087e-02 | test_full 1.122174e-01
epoch 0057 | 29.75s | train_full 9.123341e-02 | test_full 2.787540e-01
epoch 0058 | 30.14s | train_full 8.836797e-02 | test_full 2.102494e-01
epoch 0059 | 29.66s | train_full 8.383762e-02 | test_full 1.402481e-01
epoch 0060 | 28.56s | train_full 8.085593e-02 | test_full 1.134166e-01
epoch 0061 | 28.22s | train_full 9.876994e-02 | test_full 9.090534e-02
epoch 0062 | 28.40s | train_full 9.462946e-02 | test_full 1.243657e-01
epoch 0063 | 28.55s | train_full 8.619810e-02 | test_full 1.311501e-01
epoch 0064 | 29.99s | train_full 8.585261e-02 | test_full 1.189006e-01
epoch 0065 | 29.94s | train_full 8.316854e-02 | test_full 1.339990e-01
epoch 0066 | 29.60s | train_full 8.212748e-02 | test_full 1.248688e-01
epoch 0067 | 27.92s | train_full 8.199400e-02 | test_full 8.560686e-02
epoch 0068 | 28.65s | train_full 7.615524e-02 | test_full 1.090255e-01
epoch 0069 | 28.18s | train_full 7.391428e-02 | test_full 1.088064e-01
epoch 0070 | 30.63s | train_full 9.033028e-02 | test_full 9.360376e-02
epoch 0071 | 29.35s | train_full 7.416894e-02 | test_full 1.378259e-01
epoch 0072 | 30.15s | train_full 8.415909e-02 | test_full 8.822139e-02
epoch 0073 | 30.30s | train_full 8.442066e-02 | test_full 1.093558e-01
epoch 0074 | 30.25s | train_full 8.544050e-02 | test_full 9.923698e-02
epoch 0075 | 30.16s | train_full 7.882981e-02 | test_full 7.687337e-02
epoch 0076 | 30.33s | train_full 7.682455e-02 | test_full 8.425064e-02
epoch 0077 | 30.00s | train_full 8.347845e-02 | test_full 1.954214e-01
epoch 0078 | 30.27s | train_full 8.243905e-02 | test_full 9.149163e-02
epoch 0079 | 29.11s | train_full 8.208339e-02 | test_full 8.257378e-02
epoch 0080 | 29.74s | train_full 7.972590e-02 | test_full 1.816162e-01
epoch 0081 | 29.84s | train_full 8.202827e-02 | test_full 7.107647e-02
epoch 0082 | 30.18s | train_full 8.244292e-02 | test_full 1.446488e-01
epoch 0083 | 29.92s | train_full 8.238300e-02 | test_full 1.158304e-01
epoch 0084 | 30.59s | train_full 7.790790e-02 | test_full 8.077620e-02
epoch 0085 | 29.29s | train_full 8.090032e-02 | test_full 8.077389e-02
epoch 0086 | 29.58s | train_full 7.181652e-02 | test_full 1.017541e-01
epoch 0087 | 28.79s | train_full 7.631323e-02 | test_full 1.728787e-01
epoch 0088 | 29.18s | train_full 7.763087e-02 | test_full 9.478821e-02
epoch 0089 | 28.92s | train_full 7.995892e-02 | test_full 1.095710e-01
epoch 0090 | 30.39s | train_full 7.581516e-02 | test_full 1.323875e-01
epoch 0091 | 29.47s | train_full 7.623734e-02 | test_full 1.610654e-01
epoch 0092 | 29.75s | train_full 8.356491e-02 | test_full 7.699971e-02
epoch 0093 | 30.42s | train_full 7.540060e-02 | test_full 1.653249e-01
epoch 0094 | 30.12s | train_full 8.274431e-02 | test_full 9.340326e-02
epoch 0095 | 30.45s | train_full 8.295470e-02 | test_full 1.234899e-01
epoch 0096 | 30.67s | train_full 7.015649e-02 | test_full 8.590874e-02
epoch 0097 | 30.44s | train_full 7.401400e-02 | test_full 8.977084e-02
epoch 0098 | 30.28s | train_full 7.288630e-02 | test_full 7.347579e-02
epoch 0099 | 30.33s | train_full 8.891719e-02 | test_full 9.250624e-02
epoch 0100 | 30.59s | train_full 6.261479e-02 | test_full 6.597132e-02
epoch 0101 | 29.97s | train_full 6.163696e-02 | test_full 7.153083e-02
epoch 0102 | 29.81s | train_full 6.146507e-02 | test_full 1.195735e-01
epoch 0103 | 30.33s | train_full 6.057398e-02 | test_full 7.512448e-02
epoch 0104 | 30.08s | train_full 6.266212e-02 | test_full 7.187858e-02
epoch 0105 | 30.65s | train_full 6.202863e-02 | test_full 1.501520e-01
epoch 0106 | 30.56s | train_full 5.956082e-02 | test_full 6.929352e-02
epoch 0107 | 30.74s | train_full 5.742509e-02 | test_full 1.015865e-01
epoch 0108 | 30.21s | train_full 5.754583e-02 | test_full 8.595812e-02
epoch 0109 | 28.70s | train_full 6.066635e-02 | test_full 7.125304e-02
epoch 0110 | 30.68s | train_full 6.007430e-02 | test_full 6.528640e-02
epoch 0111 | 30.60s | train_full 5.678004e-02 | test_full 6.984084e-02
epoch 0112 | 29.61s | train_full 6.359301e-02 | test_full 9.627888e-02
epoch 0113 | 30.34s | train_full 5.832213e-02 | test_full 8.805918e-02
epoch 0114 | 30.70s | train_full 6.240464e-02 | test_full 6.186239e-02
epoch 0115 | 30.49s | train_full 5.705697e-02 | test_full 1.220102e-01
epoch 0116 | 29.98s | train_full 6.347499e-02 | test_full 8.044447e-02
epoch 0117 | 30.55s | train_full 5.719440e-02 | test_full 7.311914e-02
epoch 0118 | 30.83s | train_full 5.923958e-02 | test_full 7.670410e-02
epoch 0119 | 29.90s | train_full 6.493428e-02 | test_full 6.411282e-02
epoch 0120 | 32.98s | train_full 5.863701e-02 | test_full 6.735951e-02
epoch 0121 | 29.92s | train_full 5.919840e-02 | test_full 7.162288e-02
epoch 0122 | 30.56s | train_full 5.871503e-02 | test_full 7.172945e-02
epoch 0123 | 29.03s | train_full 5.906505e-02 | test_full 1.536390e-01
epoch 0124 | 28.82s | train_full 6.131631e-02 | test_full 7.096049e-02
epoch 0125 | 29.58s | train_full 5.752803e-02 | test_full 7.741989e-02
epoch 0126 | 29.67s | train_full 5.711567e-02 | test_full 7.652494e-02
epoch 0127 | 29.92s | train_full 6.044716e-02 | test_full 1.040880e-01
epoch 0128 | 30.37s | train_full 5.414478e-02 | test_full 9.570664e-02
epoch 0129 | 30.28s | train_full 5.881012e-02 | test_full 7.896873e-02
epoch 0130 | 31.05s | train_full 5.766190e-02 | test_full 6.927322e-02
epoch 0131 | 30.50s | train_full 5.642422e-02 | test_full 7.790150e-02
epoch 0132 | 29.31s | train_full 5.871381e-02 | test_full 7.598646e-02
epoch 0133 | 30.44s | train_full 5.683578e-02 | test_full 7.788680e-02
epoch 0134 | 30.12s | train_full 6.113932e-02 | test_full 6.238058e-02
epoch 0135 | 29.73s | train_full 5.863495e-02 | test_full 7.509973e-02
epoch 0136 | 30.24s | train_full 5.832531e-02 | test_full 7.094443e-02
epoch 0137 | 30.47s | train_full 5.698937e-02 | test_full 1.309194e-01
epoch 0138 | 29.51s | train_full 5.835485e-02 | test_full 7.698944e-02
epoch 0139 | 28.96s | train_full 5.979317e-02 | test_full 7.413785e-02
epoch 0140 | 30.54s | train_full 5.775611e-02 | test_full 6.634549e-02
epoch 0141 | 30.06s | train_full 5.830126e-02 | test_full 7.945815e-02
epoch 0142 | 29.23s | train_full 5.576121e-02 | test_full 7.278962e-02
epoch 0143 | 29.58s | train_full 5.601170e-02 | test_full 6.885998e-02
epoch 0144 | 30.76s | train_full 6.037365e-02 | test_full 7.653134e-02
epoch 0145 | 30.80s | train_full 5.921334e-02 | test_full 8.686527e-02
epoch 0146 | 30.04s | train_full 5.713963e-02 | test_full 7.641862e-02
epoch 0147 | 30.05s | train_full 5.906424e-02 | test_full 7.816362e-02
epoch 0148 | 29.44s | train_full 5.807871e-02 | test_full 6.263054e-02
epoch 0149 | 30.33s | train_full 5.755649e-02 | test_full 8.403688e-02
epoch 0150 | 30.39s | train_full 5.902935e-02 | test_full 1.160436e-01
epoch 0151 | 29.71s | train_full 5.602275e-02 | test_full 8.234030e-02
epoch 0152 | 30.87s | train_full 5.707267e-02 | test_full 7.022904e-02
epoch 0153 | 29.58s | train_full 5.984533e-02 | test_full 8.827024e-02
epoch 0154 | 29.36s | train_full 5.515300e-02 | test_full 7.110668e-02
epoch 0155 | 29.99s | train_full 5.597690e-02 | test_full 1.210333e-01
epoch 0156 | 30.37s | train_full 5.948970e-02 | test_full 9.277070e-02
epoch 0157 | 29.98s | train_full 5.508843e-02 | test_full 1.065273e-01
epoch 0158 | 29.42s | train_full 5.944672e-02 | test_full 6.693935e-02
epoch 0159 | 29.43s | train_full 5.695924e-02 | test_full 6.918644e-02
epoch 0160 | 29.88s | train_full 5.406039e-02 | test_full 6.771773e-02
epoch 0161 | 30.14s | train_full 5.578472e-02 | test_full 7.861113e-02
epoch 0162 | 30.19s | train_full 6.120111e-02 | test_full 7.632011e-02
epoch 0163 | 29.56s | train_full 5.588935e-02 | test_full 7.441903e-02
epoch 0164 | 30.59s | train_full 5.631798e-02 | test_full 1.161102e-01
epoch 0165 | 30.50s | train_full 6.058506e-02 | test_full 6.644024e-02
epoch 0166 | 30.71s | train_full 5.626070e-02 | test_full 8.966464e-02
epoch 0167 | 30.50s | train_full 5.403635e-02 | test_full 8.125171e-02
epoch 0168 | 30.17s | train_full 5.575090e-02 | test_full 7.545558e-02
epoch 0169 | 30.44s | train_full 5.712474e-02 | test_full 6.244308e-02
epoch 0170 | 29.55s | train_full 5.564479e-02 | test_full 6.599292e-02
epoch 0171 | 28.84s | train_full 5.495826e-02 | test_full 9.397166e-02
epoch 0172 | 28.62s | train_full 5.850878e-02 | test_full 7.975710e-02
epoch 0173 | 28.74s | train_full 5.597008e-02 | test_full 8.034591e-02
epoch 0174 | 28.97s | train_full 5.404559e-02 | test_full 6.938083e-02
epoch 0175 | 28.92s | train_full 5.385500e-02 | test_full 7.789117e-02
epoch 0176 | 29.55s | train_full 5.775633e-02 | test_full 7.210262e-02
epoch 0177 | 30.77s | train_full 5.429500e-02 | test_full 7.516381e-02
epoch 0178 | 30.49s | train_full 5.807629e-02 | test_full 6.993616e-02
epoch 0179 | 30.33s | train_full 5.539396e-02 | test_full 7.929020e-02
epoch 0180 | 30.50s | train_full 5.352077e-02 | test_full 7.147793e-02
epoch 0181 | 30.55s | train_full 5.572545e-02 | test_full 1.241693e-01
epoch 0182 | 30.35s | train_full 5.668376e-02 | test_full 8.554212e-02
epoch 0183 | 29.23s | train_full 5.612539e-02 | test_full 6.653596e-02
epoch 0184 | 30.70s | train_full 5.565241e-02 | test_full 8.595936e-02
epoch 0185 | 30.81s | train_full 5.480369e-02 | test_full 6.197575e-02
epoch 0186 | 29.89s | train_full 5.648747e-02 | test_full 6.845514e-02
epoch 0187 | 29.45s | train_full 5.309899e-02 | test_full 7.875362e-02
epoch 0188 | 29.21s | train_full 5.480388e-02 | test_full 6.369331e-02
epoch 0189 | 28.67s | train_full 6.094689e-02 | test_full 8.000272e-02
epoch 0190 | 30.45s | train_full 5.432742e-02 | test_full 8.760442e-02
epoch 0191 | 31.04s | train_full 5.275079e-02 | test_full 6.126525e-02
epoch 0192 | 30.46s | train_full 5.467306e-02 | test_full 7.222259e-02
epoch 0193 | 29.93s | train_full 5.852422e-02 | test_full 6.924830e-02
epoch 0194 | 29.77s | train_full 5.625382e-02 | test_full 6.319058e-02
epoch 0195 | 29.54s | train_full 5.649296e-02 | test_full 7.089115e-02
epoch 0196 | 28.97s | train_full 5.511206e-02 | test_full 8.010453e-02
epoch 0197 | 28.93s | train_full 5.810531e-02 | test_full 1.050905e-01
epoch 0198 | 29.42s | train_full 5.610439e-02 | test_full 7.214841e-02
epoch 0199 | 29.29s | train_full 5.494281e-02 | test_full 6.696178e-02
epoch 0200 | 30.79s | train_full 4.874002e-02 | test_full 6.318703e-02
epoch 0201 | 31.45s | train_full 4.634820e-02 | test_full 6.024437e-02
epoch 0202 | 30.99s | train_full 4.909268e-02 | test_full 5.899540e-02
epoch 0203 | 31.31s | train_full 4.559357e-02 | test_full 6.009011e-02
epoch 0204 | 30.85s | train_full 4.764497e-02 | test_full 6.096677e-02
epoch 0205 | 30.61s | train_full 4.591477e-02 | test_full 6.112426e-02
epoch 0206 | 31.39s | train_full 4.836253e-02 | test_full 5.637252e-02
epoch 0207 | 32.13s | train_full 4.733179e-02 | test_full 7.054402e-02
epoch 0208 | 32.37s | train_full 4.751569e-02 | test_full 6.085375e-02
epoch 0209 | 30.99s | train_full 4.709273e-02 | test_full 5.526899e-02
epoch 0210 | 31.04s | train_full 4.663109e-02 | test_full 8.225645e-02
epoch 0211 | 32.04s | train_full 5.001340e-02 | test_full 6.519729e-02
epoch 0212 | 30.22s | train_full 4.676465e-02 | test_full 5.952520e-02
epoch 0213 | 30.20s | train_full 4.730689e-02 | test_full 5.543203e-02
epoch 0214 | 30.70s | train_full 4.492180e-02 | test_full 5.789326e-02
epoch 0215 | 31.45s | train_full 4.619025e-02 | test_full 6.323124e-02
epoch 0216 | 31.29s | train_full 4.624849e-02 | test_full 6.458987e-02
epoch 0217 | 31.22s | train_full 4.474179e-02 | test_full 7.396991e-02
epoch 0218 | 31.06s | train_full 4.505068e-02 | test_full 7.887700e-02
epoch 0219 | 30.95s | train_full 4.557340e-02 | test_full 5.890090e-02
epoch 0220 | 31.61s | train_full 4.645280e-02 | test_full 7.369050e-02
epoch 0221 | 31.22s | train_full 4.485256e-02 | test_full 6.236245e-02
epoch 0222 | 31.03s | train_full 4.615032e-02 | test_full 6.457215e-02
epoch 0223 | 30.57s | train_full 4.742063e-02 | test_full 5.705038e-02
epoch 0224 | 31.37s | train_full 4.582716e-02 | test_full 7.715809e-02
epoch 0225 | 30.31s | train_full 4.665700e-02 | test_full 8.192265e-02
epoch 0226 | 29.90s | train_full 4.663891e-02 | test_full 6.392044e-02
epoch 0227 | 29.88s | train_full 4.570754e-02 | test_full 6.269582e-02
epoch 0228 | 30.36s | train_full 4.494928e-02 | test_full 5.656467e-02
epoch 0229 | 31.30s | train_full 4.609437e-02 | test_full 5.956992e-02
epoch 0230 | 31.69s | train_full 4.739244e-02 | test_full 6.292887e-02
epoch 0231 | 31.40s | train_full 4.989904e-02 | test_full 5.870408e-02
epoch 0232 | 31.00s | train_full 4.576977e-02 | test_full 5.730211e-02
epoch 0233 | 31.99s | train_full 4.678801e-02 | test_full 5.401674e-02
epoch 0234 | 31.34s | train_full 4.402700e-02 | test_full 5.599792e-02
epoch 0235 | 31.19s | train_full 4.539234e-02 | test_full 5.556627e-02
epoch 0236 | 30.97s | train_full 4.427865e-02 | test_full 6.118540e-02
epoch 0237 | 30.79s | train_full 4.529212e-02 | test_full 5.853938e-02
epoch 0238 | 31.60s | train_full 4.508804e-02 | test_full 7.964872e-02
epoch 0239 | 31.48s | train_full 4.438467e-02 | test_full 6.486914e-02
epoch 0240 | 31.07s | train_full 4.668181e-02 | test_full 9.069521e-02
epoch 0241 | 30.53s | train_full 4.781249e-02 | test_full 6.160770e-02
epoch 0242 | 30.37s | train_full 4.581847e-02 | test_full 5.887720e-02
epoch 0243 | 31.36s | train_full 4.566680e-02 | test_full 5.949745e-02
epoch 0244 | 31.42s | train_full 4.487179e-02 | test_full 5.895571e-02
epoch 0245 | 30.95s | train_full 4.502482e-02 | test_full 6.135945e-02
epoch 0246 | 31.86s | train_full 4.546727e-02 | test_full 5.771413e-02
epoch 0247 | 31.58s | train_full 4.504533e-02 | test_full 6.099599e-02
epoch 0248 | 31.60s | train_full 4.712277e-02 | test_full 5.848761e-02
epoch 0249 | 31.29s | train_full 4.403699e-02 | test_full 5.452031e-02
epoch 0250 | 31.43s | train_full 4.620618e-02 | test_full 5.598126e-02
epoch 0251 | 29.81s | train_full 4.569838e-02 | test_full 5.464129e-02
epoch 0252 | 31.29s | train_full 4.447809e-02 | test_full 5.970751e-02
epoch 0253 | 31.67s | train_full 4.970087e-02 | test_full 6.119049e-02
epoch 0254 | 31.42s | train_full 4.706647e-02 | test_full 5.630689e-02
epoch 0255 | 30.61s | train_full 4.391432e-02 | test_full 7.113069e-02
epoch 0256 | 31.67s | train_full 4.384868e-02 | test_full 5.563156e-02
epoch 0257 | 31.53s | train_full 4.521761e-02 | test_full 5.362321e-02
epoch 0258 | 30.74s | train_full 4.558577e-02 | test_full 5.537750e-02
epoch 0259 | 30.81s | train_full 4.426025e-02 | test_full 5.734610e-02
epoch 0260 | 32.03s | train_full 4.541106e-02 | test_full 5.636062e-02
epoch 0261 | 31.83s | train_full 4.491703e-02 | test_full 7.351381e-02
epoch 0262 | 31.98s | train_full 4.486814e-02 | test_full 6.373977e-02
epoch 0263 | 30.33s | train_full 4.548074e-02 | test_full 6.058780e-02
epoch 0264 | 31.01s | train_full 4.448159e-02 | test_full 7.852849e-02
epoch 0265 | 30.44s | train_full 4.505058e-02 | test_full 6.216713e-02
epoch 0266 | 31.32s | train_full 4.350563e-02 | test_full 6.099970e-02
epoch 0267 | 31.03s | train_full 4.548784e-02 | test_full 5.572308e-02
epoch 0268 | 30.99s | train_full 4.639837e-02 | test_full 5.815582e-02
epoch 0269 | 29.78s | train_full 4.692056e-02 | test_full 5.612556e-02
epoch 0270 | 30.57s | train_full 4.503025e-02 | test_full 6.317895e-02
epoch 0271 | 30.29s | train_full 4.508786e-02 | test_full 5.860142e-02
epoch 0272 | 31.63s | train_full 4.459174e-02 | test_full 7.241667e-02
epoch 0273 | 31.35s | train_full 4.359985e-02 | test_full 5.904001e-02
epoch 0274 | 31.57s | train_full 4.447199e-02 | test_full 6.070407e-02
epoch 0275 | 31.03s | train_full 4.786968e-02 | test_full 6.559771e-02
epoch 0276 | 31.56s | train_full 4.503095e-02 | test_full 5.534671e-02
epoch 0277 | 31.12s | train_full 4.327587e-02 | test_full 5.348511e-02
epoch 0278 | 31.60s | train_full 4.336512e-02 | test_full 5.944816e-02
epoch 0279 | 29.76s | train_full 4.402406e-02 | test_full 5.323800e-02
epoch 0280 | 28.76s | train_full 4.443628e-02 | test_full 5.049491e-02
epoch 0281 | 30.28s | train_full 4.452058e-02 | test_full 5.564714e-02
epoch 0282 | 29.64s | train_full 4.602856e-02 | test_full 5.758659e-02
epoch 0283 | 29.57s | train_full 4.484607e-02 | test_full 6.989909e-02
epoch 0284 | 30.70s | train_full 4.408348e-02 | test_full 6.566210e-02
epoch 0285 | 30.19s | train_full 4.427750e-02 | test_full 5.380673e-02
epoch 0286 | 30.31s | train_full 4.526659e-02 | test_full 6.242319e-02
epoch 0287 | 30.00s | train_full 4.380052e-02 | test_full 5.514163e-02
epoch 0288 | 29.63s | train_full 4.547445e-02 | test_full 6.293919e-02
epoch 0289 | 29.70s | train_full 4.374056e-02 | test_full 7.950064e-02
epoch 0290 | 28.83s | train_full 4.356853e-02 | test_full 5.640152e-02
epoch 0291 | 29.89s | train_full 4.411730e-02 | test_full 6.277765e-02
epoch 0292 | 30.29s | train_full 4.378998e-02 | test_full 6.486671e-02
epoch 0293 | 30.52s | train_full 4.436539e-02 | test_full 6.061792e-02
epoch 0294 | 28.38s | train_full 4.384225e-02 | test_full 6.214269e-02
epoch 0295 | 28.70s | train_full 4.356333e-02 | test_full 5.850346e-02
epoch 0296 | 29.45s | train_full 4.378457e-02 | test_full 5.574112e-02
epoch 0297 | 29.83s | train_full 4.329888e-02 | test_full 5.644629e-02
epoch 0298 | 29.54s | train_full 4.336696e-02 | test_full 5.382868e-02
epoch 0299 | 28.49s | train_full 4.387035e-02 | test_full 5.409299e-02
epoch 0300 | 29.58s | train_full 4.000084e-02 | test_full 5.101511e-02
epoch 0301 | 30.29s | train_full 3.914997e-02 | test_full 5.018663e-02
epoch 0302 | 29.07s | train_full 3.915226e-02 | test_full 5.312887e-02
epoch 0303 | 30.03s | train_full 3.942230e-02 | test_full 6.759097e-02
epoch 0304 | 30.01s | train_full 3.943270e-02 | test_full 5.058307e-02
epoch 0305 | 30.25s | train_full 4.014208e-02 | test_full 5.168132e-02
epoch 0306 | 29.74s | train_full 3.961317e-02 | test_full 5.088819e-02
epoch 0307 | 28.48s | train_full 3.969436e-02 | test_full 5.032624e-02
epoch 0308 | 28.75s | train_full 3.931990e-02 | test_full 5.059874e-02
epoch 0309 | 28.69s | train_full 3.978363e-02 | test_full 5.841039e-02
epoch 0310 | 28.30s | train_full 3.927456e-02 | test_full 5.163514e-02
epoch 0311 | 28.34s | train_full 3.842100e-02 | test_full 4.925794e-02
epoch 0312 | 28.09s | train_full 3.872830e-02 | test_full 5.149267e-02
epoch 0313 | 28.28s | train_full 3.889200e-02 | test_full 4.981005e-02
epoch 0314 | 28.89s | train_full 3.896204e-02 | test_full 4.890704e-02
epoch 0315 | 28.98s | train_full 3.852442e-02 | test_full 5.015695e-02
epoch 0316 | 29.62s | train_full 3.929462e-02 | test_full 5.012774e-02
epoch 0317 | 29.08s | train_full 3.849794e-02 | test_full 4.856535e-02
epoch 0318 | 30.40s | train_full 3.963076e-02 | test_full 5.390308e-02
epoch 0319 | 29.68s | train_full 3.952355e-02 | test_full 5.308403e-02
epoch 0320 | 30.11s | train_full 3.873068e-02 | test_full 4.909477e-02
epoch 0321 | 30.44s | train_full 3.855027e-02 | test_full 5.234504e-02
epoch 0322 | 30.70s | train_full 3.855713e-02 | test_full 4.940351e-02
epoch 0323 | 29.11s | train_full 3.937891e-02 | test_full 5.157972e-02
epoch 0324 | 29.83s | train_full 3.846906e-02 | test_full 5.635538e-02
epoch 0325 | 30.10s | train_full 3.942595e-02 | test_full 5.237725e-02
epoch 0326 | 30.19s | train_full 3.961691e-02 | test_full 5.109554e-02
epoch 0327 | 29.66s | train_full 3.878179e-02 | test_full 4.971356e-02
epoch 0328 | 29.08s | train_full 3.899038e-02 | test_full 4.973193e-02
epoch 0329 | 29.54s | train_full 3.773270e-02 | test_full 5.592467e-02
epoch 0330 | 28.61s | train_full 3.845070e-02 | test_full 5.478576e-02
epoch 0331 | 28.66s | train_full 3.841589e-02 | test_full 4.798715e-02
epoch 0332 | 28.67s | train_full 3.891221e-02 | test_full 5.040435e-02
epoch 0333 | 30.39s | train_full 3.837536e-02 | test_full 5.265235e-02
epoch 0334 | 30.36s | train_full 3.937543e-02 | test_full 5.467460e-02
epoch 0335 | 29.88s | train_full 3.805189e-02 | test_full 4.805001e-02
epoch 0336 | 29.16s | train_full 3.796657e-02 | test_full 5.203979e-02
epoch 0337 | 29.57s | train_full 3.879776e-02 | test_full 4.906139e-02
epoch 0338 | 29.00s | train_full 3.881323e-02 | test_full 5.464927e-02
epoch 0339 | 30.04s | train_full 3.885177e-02 | test_full 5.268305e-02
epoch 0340 | 30.52s | train_full 3.828744e-02 | test_full 5.706975e-02
epoch 0341 | 30.27s | train_full 3.894036e-02 | test_full 5.118969e-02
epoch 0342 | 30.43s | train_full 3.779306e-02 | test_full 5.191864e-02
epoch 0343 | 30.60s | train_full 3.813322e-02 | test_full 5.413461e-02
epoch 0344 | 30.27s | train_full 3.908902e-02 | test_full 5.013835e-02
epoch 0345 | 30.62s | train_full 3.804153e-02 | test_full 4.844867e-02
epoch 0346 | 29.16s | train_full 3.753731e-02 | test_full 5.022221e-02
epoch 0347 | 28.71s | train_full 3.780223e-02 | test_full 4.859124e-02
epoch 0348 | 29.41s | train_full 3.897616e-02 | test_full 4.864957e-02
epoch 0349 | 30.38s | train_full 3.831096e-02 | test_full 4.785543e-02
epoch 0350 | 30.20s | train_full 3.747632e-02 | test_full 5.632872e-02
epoch 0351 | 29.76s | train_full 3.870237e-02 | test_full 4.819489e-02
epoch 0352 | 29.51s | train_full 3.851776e-02 | test_full 5.052551e-02
epoch 0353 | 30.21s | train_full 3.747221e-02 | test_full 4.941652e-02
epoch 0354 | 29.65s | train_full 3.797250e-02 | test_full 4.829493e-02
epoch 0355 | 28.78s | train_full 3.824499e-02 | test_full 4.923981e-02
epoch 0356 | 29.25s | train_full 3.782410e-02 | test_full 4.875860e-02
epoch 0357 | 30.06s | train_full 3.720921e-02 | test_full 4.787059e-02
epoch 0358 | 30.02s | train_full 3.815230e-02 | test_full 5.306414e-02
epoch 0359 | 29.76s | train_full 3.778884e-02 | test_full 5.409456e-02
epoch 0360 | 28.96s | train_full 3.782627e-02 | test_full 4.862419e-02
epoch 0361 | 27.82s | train_full 3.788028e-02 | test_full 5.227466e-02
epoch 0362 | 30.06s | train_full 3.780651e-02 | test_full 4.896637e-02
epoch 0363 | 30.22s | train_full 3.741365e-02 | test_full 4.831940e-02
epoch 0364 | 28.86s | train_full 3.749688e-02 | test_full 4.675349e-02
epoch 0365 | 28.61s | train_full 3.708219e-02 | test_full 4.975105e-02
epoch 0366 | 28.58s | train_full 3.870632e-02 | test_full 6.244009e-02
epoch 0367 | 30.20s | train_full 3.768051e-02 | test_full 4.743947e-02
epoch 0368 | 30.08s | train_full 3.807320e-02 | test_full 4.986876e-02
epoch 0369 | 29.90s | train_full 3.779313e-02 | test_full 4.986784e-02
epoch 0370 | 29.76s | train_full 3.753591e-02 | test_full 4.932299e-02
epoch 0371 | 30.38s | train_full 3.829671e-02 | test_full 4.955332e-02
epoch 0372 | 30.02s | train_full 3.814510e-02 | test_full 4.869034e-02
epoch 0373 | 30.13s | train_full 3.858233e-02 | test_full 4.827863e-02
epoch 0374 | 29.92s | train_full 3.737788e-02 | test_full 4.742643e-02
epoch 0375 | 29.79s | train_full 3.739427e-02 | test_full 5.078642e-02
epoch 0376 | 29.90s | train_full 3.713433e-02 | test_full 5.058632e-02
epoch 0377 | 29.91s | train_full 3.691708e-02 | test_full 5.282003e-02
epoch 0378 | 29.46s | train_full 3.731524e-02 | test_full 5.351084e-02
epoch 0379 | 29.67s | train_full 3.808399e-02 | test_full 4.782618e-02
epoch 0380 | 32.55s | train_full 3.775452e-02 | test_full 5.575191e-02
epoch 0381 | 28.74s | train_full 3.764281e-02 | test_full 4.920901e-02
epoch 0382 | 29.41s | train_full 3.765373e-02 | test_full 5.127652e-02
epoch 0383 | 29.67s | train_full 3.741550e-02 | test_full 4.839764e-02
epoch 0384 | 29.92s | train_full 3.713631e-02 | test_full 4.729156e-02
epoch 0385 | 30.01s | train_full 3.730321e-02 | test_full 4.675411e-02
epoch 0386 | 28.49s | train_full 3.724735e-02 | test_full 4.934178e-02
epoch 0387 | 29.29s | train_full 3.716159e-02 | test_full 4.843092e-02
epoch 0388 | 29.91s | train_full 3.757873e-02 | test_full 4.810017e-02
epoch 0389 | 29.66s | train_full 3.743279e-02 | test_full 4.827614e-02
epoch 0390 | 29.43s | train_full 3.734945e-02 | test_full 4.672805e-02
epoch 0391 | 30.06s | train_full 3.737872e-02 | test_full 5.536683e-02
epoch 0392 | 29.24s | train_full 3.738314e-02 | test_full 4.933136e-02
epoch 0393 | 28.49s | train_full 3.787395e-02 | test_full 4.848862e-02
epoch 0394 | 29.47s | train_full 3.698880e-02 | test_full 5.046268e-02
epoch 0395 | 30.07s | train_full 3.775365e-02 | test_full 4.796722e-02
epoch 0396 | 28.84s | train_full 3.680593e-02 | test_full 4.754352e-02
epoch 0397 | 28.81s | train_full 3.790386e-02 | test_full 5.117731e-02
epoch 0398 | 30.41s | train_full 3.815856e-02 | test_full 5.755364e-02
epoch 0399 | 30.17s | train_full 3.695166e-02 | test_full 4.845030e-02
epoch 0400 | 30.24s | train_full 3.546240e-02 | test_full 4.879797e-02
epoch 0401 | 30.59s | train_full 3.610766e-02 | test_full 4.702706e-02
epoch 0402 | 28.93s | train_full 3.592087e-02 | test_full 4.609146e-02
epoch 0403 | 28.41s | train_full 3.595590e-02 | test_full 4.761232e-02
epoch 0404 | 28.82s | train_full 3.540922e-02 | test_full 4.670400e-02
epoch 0405 | 29.71s | train_full 3.619407e-02 | test_full 4.632846e-02
epoch 0406 | 30.05s | train_full 3.628891e-02 | test_full 4.535856e-02
epoch 0407 | 28.85s | train_full 3.557685e-02 | test_full 4.907371e-02
epoch 0408 | 28.56s | train_full 3.652319e-02 | test_full 4.635796e-02
epoch 0409 | 28.61s | train_full 3.588656e-02 | test_full 4.628188e-02
epoch 0410 | 28.52s | train_full 3.566686e-02 | test_full 4.850549e-02
epoch 0411 | 30.29s | train_full 3.498736e-02 | test_full 4.697818e-02
epoch 0412 | 28.78s | train_full 3.506942e-02 | test_full 4.823529e-02
epoch 0413 | 30.12s | train_full 3.510695e-02 | test_full 4.719955e-02
epoch 0414 | 30.23s | train_full 3.520615e-02 | test_full 4.865453e-02
epoch 0415 | 29.94s | train_full 3.468025e-02 | test_full 4.651719e-02
epoch 0416 | 28.32s | train_full 3.551765e-02 | test_full 4.623552e-02
epoch 0417 | 29.40s | train_full 3.588202e-02 | test_full 4.717873e-02
epoch 0418 | 28.66s | train_full 3.547974e-02 | test_full 4.793138e-02
epoch 0419 | 28.72s | train_full 3.570363e-02 | test_full 4.596243e-02
epoch 0420 | 29.65s | train_full 3.521823e-02 | test_full 4.518440e-02
epoch 0421 | 30.28s | train_full 3.487766e-02 | test_full 4.791777e-02
epoch 0422 | 30.36s | train_full 3.535989e-02 | test_full 4.592821e-02
epoch 0423 | 30.28s | train_full 3.527743e-02 | test_full 4.572255e-02
epoch 0424 | 29.35s | train_full 3.527980e-02 | test_full 4.532772e-02
epoch 0425 | 30.19s | train_full 3.501860e-02 | test_full 4.653367e-02
epoch 0426 | 30.14s | train_full 3.562567e-02 | test_full 4.919503e-02
epoch 0427 | 29.87s | train_full 3.497664e-02 | test_full 4.643038e-02
epoch 0428 | 28.70s | train_full 3.539906e-02 | test_full 4.644367e-02
epoch 0429 | 29.78s | train_full 3.518834e-02 | test_full 4.498307e-02
epoch 0430 | 30.15s | train_full 3.572036e-02 | test_full 4.624234e-02
epoch 0431 | 28.57s | train_full 3.492005e-02 | test_full 4.838915e-02
epoch 0432 | 28.55s | train_full 3.519167e-02 | test_full 4.662495e-02
epoch 0433 | 29.37s | train_full 3.527927e-02 | test_full 4.601483e-02
epoch 0434 | 29.83s | train_full 3.508760e-02 | test_full 4.606056e-02
epoch 0435 | 30.58s | train_full 3.503956e-02 | test_full 4.509049e-02
epoch 0436 | 29.74s | train_full 3.522203e-02 | test_full 4.674290e-02
epoch 0437 | 28.37s | train_full 3.509165e-02 | test_full 4.610638e-02
epoch 0438 | 27.90s | train_full 3.509381e-02 | test_full 5.178710e-02
epoch 0439 | 28.01s | train_full 3.459827e-02 | test_full 4.789578e-02
epoch 0440 | 27.75s | train_full 3.481406e-02 | test_full 4.819125e-02
epoch 0441 | 29.28s | train_full 3.481231e-02 | test_full 4.752013e-02
epoch 0442 | 29.74s | train_full 3.506103e-02 | test_full 5.060073e-02
epoch 0443 | 29.93s | train_full 3.496717e-02 | test_full 5.080309e-02
epoch 0444 | 30.00s | train_full 3.551984e-02 | test_full 4.584814e-02
epoch 0445 | 30.03s | train_full 3.488161e-02 | test_full 4.570756e-02
epoch 0446 | 30.23s | train_full 3.494588e-02 | test_full 4.611357e-02
epoch 0447 | 28.46s | train_full 3.486189e-02 | test_full 4.703387e-02
epoch 0448 | 29.77s | train_full 3.498751e-02 | test_full 4.583151e-02
epoch 0449 | 29.93s | train_full 3.473275e-02 | test_full 4.809054e-02
epoch 0450 | 30.06s | train_full 3.533939e-02 | test_full 4.582784e-02
epoch 0451 | 30.17s | train_full 3.526094e-02 | test_full 4.652833e-02
epoch 0452 | 29.45s | train_full 3.494267e-02 | test_full 4.521653e-02
epoch 0453 | 29.72s | train_full 3.512179e-02 | test_full 4.514256e-02
epoch 0454 | 28.30s | train_full 3.462289e-02 | test_full 5.040546e-02
epoch 0455 | 28.07s | train_full 3.524046e-02 | test_full 4.538041e-02
epoch 0456 | 28.46s | train_full 3.513273e-02 | test_full 4.691880e-02
epoch 0457 | 28.06s | train_full 3.512372e-02 | test_full 4.574147e-02
epoch 0458 | 28.33s | train_full 3.487912e-02 | test_full 4.630200e-02
epoch 0459 | 28.50s | train_full 3.513183e-02 | test_full 4.451790e-02
epoch 0460 | 29.16s | train_full 3.492513e-02 | test_full 4.698052e-02
epoch 0461 | 30.32s | train_full 3.495511e-02 | test_full 4.674176e-02
epoch 0462 | 29.83s | train_full 3.471537e-02 | test_full 4.588296e-02
epoch 0463 | 29.32s | train_full 3.509175e-02 | test_full 4.883968e-02
epoch 0464 | 30.43s | train_full 3.484177e-02 | test_full 4.590055e-02
epoch 0465 | 28.91s | train_full 3.496512e-02 | test_full 4.556259e-02
epoch 0466 | 29.04s | train_full 3.497587e-02 | test_full 4.623495e-02
epoch 0467 | 28.52s | train_full 3.463729e-02 | test_full 4.734928e-02
epoch 0468 | 29.49s | train_full 3.496561e-02 | test_full 4.507730e-02
epoch 0469 | 29.36s | train_full 3.500625e-02 | test_full 4.755443e-02
epoch 0470 | 30.43s | train_full 3.465210e-02 | test_full 4.672407e-02
epoch 0471 | 30.59s | train_full 3.459361e-02 | test_full 4.713706e-02
epoch 0472 | 30.04s | train_full 3.479143e-02 | test_full 4.663733e-02
epoch 0473 | 30.09s | train_full 3.494292e-02 | test_full 4.804505e-02
epoch 0474 | 30.34s | train_full 3.469120e-02 | test_full 4.559503e-02
epoch 0475 | 29.98s | train_full 3.510612e-02 | test_full 4.875625e-02
epoch 0476 | 29.66s | train_full 3.479119e-02 | test_full 4.571391e-02
epoch 0477 | 28.44s | train_full 3.559757e-02 | test_full 4.574649e-02
epoch 0478 | 28.75s | train_full 3.496391e-02 | test_full 5.252737e-02
epoch 0479 | 28.59s | train_full 3.477462e-02 | test_full 4.605894e-02
epoch 0480 | 29.26s | train_full 3.494584e-02 | test_full 4.619843e-02
epoch 0481 | 29.09s | train_full 3.599861e-02 | test_full 4.682303e-02
epoch 0482 | 29.97s | train_full 3.505181e-02 | test_full 4.683725e-02
epoch 0483 | 30.26s | train_full 3.536462e-02 | test_full 4.694565e-02
epoch 0484 | 29.89s | train_full 3.503035e-02 | test_full 4.515128e-02
epoch 0485 | 30.50s | train_full 3.430004e-02 | test_full 4.633112e-02
epoch 0486 | 30.41s | train_full 3.439851e-02 | test_full 4.963260e-02
epoch 0487 | 30.09s | train_full 3.464014e-02 | test_full 4.767911e-02
epoch 0488 | 30.35s | train_full 3.489859e-02 | test_full 4.647472e-02
epoch 0489 | 30.04s | train_full 3.468618e-02 | test_full 4.490705e-02
epoch 0490 | 29.62s | train_full 3.489375e-02 | test_full 4.564867e-02
epoch 0491 | 30.29s | train_full 3.435869e-02 | test_full 4.616945e-02
epoch 0492 | 30.28s | train_full 3.488667e-02 | test_full 4.540678e-02
epoch 0493 | 29.67s | train_full 3.463129e-02 | test_full 4.498127e-02
epoch 0494 | 29.91s | train_full 3.488231e-02 | test_full 4.559384e-02
epoch 0495 | 29.74s | train_full 3.455963e-02 | test_full 4.575589e-02
epoch 0496 | 28.62s | train_full 3.462362e-02 | test_full 4.584092e-02
epoch 0497 | 29.21s | train_full 3.482496e-02 | test_full 4.495670e-02
epoch 0498 | 28.28s | train_full 3.450998e-02 | test_full 4.630030e-02
epoch 0499 | 29.78s | train_full 3.477637e-02 | test_full 4.443257e-02
