nohup: ignoring input
CFD-1D data loaded: x (128, 10, 3), y (128, 21, 3), grid (128, 1)
CFD normalization enabled: mean=[5.901447772979736, 59.42569351196289, -0.013067927211523056], std=[3.443497896194458, 30.31511116027832, 0.49779248237609863]
parameters: 35905
epoch 0000 | 9.53s | train_full 1.241424e-01 | test_full 1.289063e-01
epoch 0001 | 8.86s | train_full 8.267442e-02 | test_full 1.153415e-01
epoch 0002 | 8.69s | train_full 7.507362e-02 | test_full 1.077966e-01
epoch 0003 | 8.43s | train_full 6.703278e-02 | test_full 9.185515e-02
epoch 0004 | 8.39s | train_full 6.235019e-02 | test_full 8.700953e-02
epoch 0005 | 8.59s | train_full 5.909167e-02 | test_full 8.640107e-02
epoch 0006 | 8.61s | train_full 5.658927e-02 | test_full 8.737004e-02
epoch 0007 | 8.48s | train_full 5.379850e-02 | test_full 8.170070e-02
epoch 0008 | 8.36s | train_full 5.187089e-02 | test_full 7.369381e-02
epoch 0009 | 8.44s | train_full 5.146867e-02 | test_full 7.674394e-02
epoch 0010 | 8.50s | train_full 5.014471e-02 | test_full 7.419101e-02
epoch 0011 | 8.32s | train_full 4.953036e-02 | test_full 6.957642e-02
epoch 0012 | 8.51s | train_full 4.816805e-02 | test_full 7.430052e-02
epoch 0013 | 8.59s | train_full 4.662093e-02 | test_full 6.780393e-02
epoch 0014 | 8.56s | train_full 4.551794e-02 | test_full 6.558445e-02
epoch 0015 | 8.38s | train_full 4.524376e-02 | test_full 7.404041e-02
epoch 0016 | 8.36s | train_full 4.675486e-02 | test_full 6.994705e-02
epoch 0017 | 8.55s | train_full 4.419736e-02 | test_full 7.047565e-02
epoch 0018 | 8.60s | train_full 4.468760e-02 | test_full 7.156619e-02
epoch 0019 | 8.79s | train_full 4.430305e-02 | test_full 6.968989e-02
epoch 0020 | 8.72s | train_full 4.361430e-02 | test_full 6.549870e-02
epoch 0021 | 8.78s | train_full 4.331112e-02 | test_full 6.400318e-02
epoch 0022 | 8.73s | train_full 4.182522e-02 | test_full 6.695056e-02
epoch 0023 | 8.71s | train_full 4.187048e-02 | test_full 6.794945e-02
epoch 0024 | 8.77s | train_full 4.228635e-02 | test_full 6.324111e-02
epoch 0025 | 8.78s | train_full 4.206421e-02 | test_full 7.059803e-02
epoch 0026 | 8.91s | train_full 4.234261e-02 | test_full 7.235756e-02
epoch 0027 | 8.76s | train_full 4.206026e-02 | test_full 6.023643e-02
epoch 0028 | 8.68s | train_full 4.057559e-02 | test_full 6.667619e-02
epoch 0029 | 8.91s | train_full 4.102667e-02 | test_full 6.796062e-02
epoch 0030 | 8.47s | train_full 4.055888e-02 | test_full 6.039487e-02
epoch 0031 | 8.37s | train_full 3.954360e-02 | test_full 6.383472e-02
epoch 0032 | 7.90s | train_full 4.048025e-02 | test_full 5.932708e-02
epoch 0033 | 8.47s | train_full 3.866635e-02 | test_full 5.894356e-02
epoch 0034 | 8.29s | train_full 4.134132e-02 | test_full 6.091379e-02
epoch 0035 | 8.42s | train_full 3.990519e-02 | test_full 6.710779e-02
epoch 0036 | 8.34s | train_full 3.992645e-02 | test_full 6.066023e-02
epoch 0037 | 8.29s | train_full 3.874137e-02 | test_full 6.182371e-02
epoch 0038 | 8.22s | train_full 4.026049e-02 | test_full 5.930715e-02
epoch 0039 | 8.28s | train_full 3.956600e-02 | test_full 6.148799e-02
epoch 0040 | 8.51s | train_full 3.943781e-02 | test_full 6.762804e-02
epoch 0041 | 8.61s | train_full 3.743571e-02 | test_full 5.735729e-02
epoch 0042 | 8.39s | train_full 3.758387e-02 | test_full 5.524049e-02
epoch 0043 | 8.23s | train_full 3.719830e-02 | test_full 5.943708e-02
epoch 0044 | 8.39s | train_full 3.704494e-02 | test_full 5.998350e-02
epoch 0045 | 8.67s | train_full 3.709261e-02 | test_full 6.459305e-02
epoch 0046 | 8.88s | train_full 3.670537e-02 | test_full 5.785402e-02
epoch 0047 | 8.86s | train_full 3.587989e-02 | test_full 5.571194e-02
epoch 0048 | 8.86s | train_full 3.603046e-02 | test_full 6.293094e-02
epoch 0049 | 8.69s | train_full 3.710772e-02 | test_full 5.382486e-02
epoch 0050 | 8.78s | train_full 3.616334e-02 | test_full 5.446145e-02
epoch 0051 | 8.85s | train_full 3.733211e-02 | test_full 5.427472e-02
epoch 0052 | 8.90s | train_full 3.690982e-02 | test_full 6.132524e-02
epoch 0053 | 8.74s | train_full 3.735220e-02 | test_full 7.307509e-02
epoch 0054 | 8.77s | train_full 3.666926e-02 | test_full 5.369744e-02
epoch 0055 | 8.76s | train_full 3.526348e-02 | test_full 5.279546e-02
epoch 0056 | 8.63s | train_full 3.617141e-02 | test_full 5.513562e-02
epoch 0057 | 8.80s | train_full 3.623410e-02 | test_full 5.967109e-02
epoch 0058 | 8.78s | train_full 3.558118e-02 | test_full 5.284827e-02
epoch 0059 | 8.79s | train_full 3.559936e-02 | test_full 5.620188e-02
epoch 0060 | 8.81s | train_full 3.702803e-02 | test_full 5.809726e-02
epoch 0061 | 8.74s | train_full 3.561461e-02 | test_full 6.432596e-02
epoch 0062 | 8.72s | train_full 3.602250e-02 | test_full 5.350605e-02
epoch 0063 | 8.79s | train_full 3.547600e-02 | test_full 5.284599e-02
epoch 0064 | 8.78s | train_full 3.448862e-02 | test_full 5.236468e-02
epoch 0065 | 8.72s | train_full 3.543182e-02 | test_full 5.399714e-02
epoch 0066 | 8.82s | train_full 3.534379e-02 | test_full 5.776835e-02
epoch 0067 | 8.70s | train_full 3.528465e-02 | test_full 5.269073e-02
epoch 0068 | 8.81s | train_full 3.512501e-02 | test_full 6.499680e-02
epoch 0069 | 8.81s | train_full 3.516466e-02 | test_full 5.445223e-02
epoch 0070 | 8.72s | train_full 3.548466e-02 | test_full 5.980969e-02
epoch 0071 | 8.74s | train_full 3.547047e-02 | test_full 5.405184e-02
epoch 0072 | 8.55s | train_full 3.705994e-02 | test_full 5.860580e-02
epoch 0073 | 8.53s | train_full 3.363468e-02 | test_full 5.554271e-02
epoch 0074 | 8.80s | train_full 3.599300e-02 | test_full 5.082453e-02
epoch 0075 | 8.84s | train_full 3.461982e-02 | test_full 5.518817e-02
epoch 0076 | 8.63s | train_full 3.458223e-02 | test_full 6.714179e-02
epoch 0077 | 8.79s | train_full 3.426067e-02 | test_full 5.773435e-02
epoch 0078 | 8.77s | train_full 3.365062e-02 | test_full 5.728547e-02
epoch 0079 | 8.71s | train_full 3.346710e-02 | test_full 5.113628e-02
epoch 0080 | 8.79s | train_full 3.348057e-02 | test_full 6.180139e-02
epoch 0081 | 8.73s | train_full 3.578499e-02 | test_full 5.494176e-02
epoch 0082 | 8.77s | train_full 3.498741e-02 | test_full 5.142882e-02
epoch 0083 | 8.82s | train_full 3.339162e-02 | test_full 5.456032e-02
epoch 0084 | 8.75s | train_full 3.431196e-02 | test_full 4.977740e-02
epoch 0085 | 8.76s | train_full 3.405256e-02 | test_full 5.066765e-02
epoch 0086 | 8.66s | train_full 3.274318e-02 | test_full 5.171936e-02
epoch 0087 | 8.79s | train_full 3.418937e-02 | test_full 5.403506e-02
epoch 0088 | 8.75s | train_full 3.421359e-02 | test_full 5.325216e-02
epoch 0089 | 8.69s | train_full 3.328594e-02 | test_full 5.726380e-02
epoch 0090 | 8.79s | train_full 3.466052e-02 | test_full 5.384217e-02
epoch 0091 | 8.79s | train_full 3.386269e-02 | test_full 5.076168e-02
epoch 0092 | 8.74s | train_full 3.366584e-02 | test_full 5.241256e-02
epoch 0093 | 8.80s | train_full 3.345689e-02 | test_full 5.145705e-02
epoch 0094 | 8.87s | train_full 3.343656e-02 | test_full 5.385918e-02
epoch 0095 | 8.80s | train_full 3.375023e-02 | test_full 5.228955e-02
epoch 0096 | 8.74s | train_full 3.447120e-02 | test_full 4.756989e-02
epoch 0097 | 8.77s | train_full 3.250620e-02 | test_full 5.537298e-02
epoch 0098 | 8.72s | train_full 3.391904e-02 | test_full 5.439533e-02
epoch 0099 | 8.75s | train_full 3.258834e-02 | test_full 5.435305e-02
epoch 0100 | 8.90s | train_full 2.997029e-02 | test_full 4.647995e-02
epoch 0101 | 8.90s | train_full 2.951154e-02 | test_full 4.682305e-02
epoch 0102 | 8.93s | train_full 2.895494e-02 | test_full 4.772672e-02
epoch 0103 | 8.72s | train_full 2.898674e-02 | test_full 4.532344e-02
epoch 0104 | 8.79s | train_full 2.961782e-02 | test_full 4.869267e-02
epoch 0105 | 8.78s | train_full 2.901273e-02 | test_full 4.514040e-02
epoch 0106 | 8.68s | train_full 2.878668e-02 | test_full 4.754866e-02
epoch 0107 | 8.76s | train_full 2.923892e-02 | test_full 4.515601e-02
epoch 0108 | 8.78s | train_full 2.915089e-02 | test_full 4.670744e-02
epoch 0109 | 8.71s | train_full 2.871223e-02 | test_full 4.515311e-02
epoch 0110 | 8.73s | train_full 2.891798e-02 | test_full 4.363504e-02
epoch 0111 | 8.82s | train_full 2.875892e-02 | test_full 4.791152e-02
epoch 0112 | 8.73s | train_full 2.798408e-02 | test_full 4.442779e-02
epoch 0113 | 8.43s | train_full 2.911273e-02 | test_full 4.544817e-02
epoch 0114 | 8.54s | train_full 2.823756e-02 | test_full 4.539782e-02
epoch 0115 | 8.49s | train_full 2.805196e-02 | test_full 4.343020e-02
epoch 0116 | 8.85s | train_full 2.807441e-02 | test_full 5.026306e-02
epoch 0117 | 8.89s | train_full 2.849255e-02 | test_full 4.449507e-02
epoch 0118 | 8.83s | train_full 2.788925e-02 | test_full 4.284830e-02
epoch 0119 | 8.93s | train_full 2.832217e-02 | test_full 4.585371e-02
epoch 0120 | 9.22s | train_full 2.877388e-02 | test_full 4.731680e-02
epoch 0121 | 8.79s | train_full 2.858849e-02 | test_full 4.707038e-02
epoch 0122 | 8.83s | train_full 2.792548e-02 | test_full 4.532941e-02
epoch 0123 | 8.85s | train_full 2.765323e-02 | test_full 4.564548e-02
epoch 0124 | 8.76s | train_full 2.868270e-02 | test_full 4.466589e-02
epoch 0125 | 8.81s | train_full 2.722331e-02 | test_full 4.529629e-02
epoch 0126 | 8.81s | train_full 2.759145e-02 | test_full 4.296172e-02
epoch 0127 | 8.79s | train_full 2.744628e-02 | test_full 4.620724e-02
epoch 0128 | 8.89s | train_full 2.804686e-02 | test_full 4.429496e-02
epoch 0129 | 8.90s | train_full 2.829091e-02 | test_full 4.435078e-02
epoch 0130 | 8.71s | train_full 2.773824e-02 | test_full 4.153370e-02
epoch 0131 | 8.37s | train_full 2.783524e-02 | test_full 4.281061e-02
epoch 0132 | 8.23s | train_full 2.798600e-02 | test_full 4.855687e-02
epoch 0133 | 8.38s | train_full 2.787170e-02 | test_full 4.204867e-02
epoch 0134 | 8.25s | train_full 2.774073e-02 | test_full 4.466177e-02
epoch 0135 | 8.44s | train_full 2.761920e-02 | test_full 4.474340e-02
epoch 0136 | 8.43s | train_full 2.847775e-02 | test_full 4.383359e-02
epoch 0137 | 8.18s | train_full 2.760029e-02 | test_full 4.355237e-02
epoch 0138 | 8.48s | train_full 2.715117e-02 | test_full 4.246409e-02
epoch 0139 | 8.77s | train_full 2.708856e-02 | test_full 4.336930e-02
epoch 0140 | 8.72s | train_full 2.778478e-02 | test_full 4.458821e-02
epoch 0141 | 8.74s | train_full 2.688115e-02 | test_full 4.536139e-02
epoch 0142 | 8.67s | train_full 2.731572e-02 | test_full 4.549152e-02
epoch 0143 | 8.66s | train_full 2.778209e-02 | test_full 4.494829e-02
epoch 0144 | 8.74s | train_full 2.712778e-02 | test_full 4.161187e-02
epoch 0145 | 8.31s | train_full 2.735878e-02 | test_full 4.352017e-02
epoch 0146 | 8.24s | train_full 2.808492e-02 | test_full 4.258023e-02
epoch 0147 | 8.41s | train_full 2.728855e-02 | test_full 5.190430e-02
epoch 0148 | 8.11s | train_full 2.746703e-02 | test_full 4.423420e-02
epoch 0149 | 7.99s | train_full 2.746005e-02 | test_full 4.205963e-02
epoch 0150 | 8.19s | train_full 2.707854e-02 | test_full 4.366598e-02
epoch 0151 | 8.38s | train_full 2.695408e-02 | test_full 4.448636e-02
epoch 0152 | 8.47s | train_full 2.708265e-02 | test_full 4.622859e-02
epoch 0153 | 8.37s | train_full 2.697846e-02 | test_full 4.383937e-02
epoch 0154 | 8.51s | train_full 2.652328e-02 | test_full 4.398324e-02
epoch 0155 | 8.11s | train_full 2.725564e-02 | test_full 4.402454e-02
epoch 0156 | 8.56s | train_full 2.790636e-02 | test_full 4.454348e-02
epoch 0157 | 9.27s | train_full 2.683223e-02 | test_full 4.406365e-02
epoch 0158 | 9.23s | train_full 2.724479e-02 | test_full 4.178658e-02
epoch 0159 | 9.27s | train_full 2.760269e-02 | test_full 4.604877e-02
epoch 0160 | 9.22s | train_full 2.766444e-02 | test_full 4.409272e-02
epoch 0161 | 8.48s | train_full 2.769167e-02 | test_full 4.512094e-02
epoch 0162 | 8.37s | train_full 2.701024e-02 | test_full 4.334977e-02
epoch 0163 | 8.48s | train_full 2.690145e-02 | test_full 4.338500e-02
epoch 0164 | 8.51s | train_full 2.674344e-02 | test_full 4.406799e-02
epoch 0165 | 8.28s | train_full 2.740762e-02 | test_full 4.495561e-02
epoch 0166 | 8.70s | train_full 2.758857e-02 | test_full 4.322757e-02
epoch 0167 | 8.74s | train_full 2.766281e-02 | test_full 4.282099e-02
epoch 0168 | 8.78s | train_full 2.720204e-02 | test_full 4.122181e-02
epoch 0169 | 8.83s | train_full 2.708133e-02 | test_full 4.194263e-02
epoch 0170 | 8.82s | train_full 2.686904e-02 | test_full 4.158800e-02
epoch 0171 | 8.80s | train_full 2.655053e-02 | test_full 4.398026e-02
epoch 0172 | 8.74s | train_full 2.692122e-02 | test_full 4.443159e-02
epoch 0173 | 8.87s | train_full 2.726519e-02 | test_full 4.114080e-02
epoch 0174 | 8.71s | train_full 2.663433e-02 | test_full 4.197197e-02
epoch 0175 | 8.25s | train_full 2.661801e-02 | test_full 4.231058e-02
epoch 0176 | 8.10s | train_full 2.719823e-02 | test_full 4.601870e-02
epoch 0177 | 8.25s | train_full 2.772824e-02 | test_full 4.187569e-02
epoch 0178 | 8.79s | train_full 2.696830e-02 | test_full 4.244976e-02
epoch 0179 | 8.92s | train_full 2.707254e-02 | test_full 4.312666e-02
epoch 0180 | 8.93s | train_full 2.738872e-02 | test_full 4.300787e-02
epoch 0181 | 8.82s | train_full 2.698125e-02 | test_full 4.195488e-02
epoch 0182 | 8.41s | train_full 2.652711e-02 | test_full 4.328191e-02
epoch 0183 | 8.19s | train_full 2.654806e-02 | test_full 4.111626e-02
epoch 0184 | 8.22s | train_full 2.685658e-02 | test_full 4.465850e-02
epoch 0185 | 8.38s | train_full 2.672185e-02 | test_full 4.231564e-02
epoch 0186 | 8.52s | train_full 2.614747e-02 | test_full 4.211216e-02
epoch 0187 | 8.48s | train_full 2.726378e-02 | test_full 4.317879e-02
epoch 0188 | 8.28s | train_full 2.680791e-02 | test_full 4.337053e-02
epoch 0189 | 8.43s | train_full 2.593486e-02 | test_full 4.149941e-02
epoch 0190 | 8.41s | train_full 2.642999e-02 | test_full 4.276594e-02
epoch 0191 | 8.36s | train_full 2.645342e-02 | test_full 4.343840e-02
epoch 0192 | 8.30s | train_full 2.703851e-02 | test_full 4.494267e-02
epoch 0193 | 8.70s | train_full 2.648094e-02 | test_full 4.507734e-02
epoch 0194 | 8.64s | train_full 2.686831e-02 | test_full 4.134216e-02
epoch 0195 | 8.44s | train_full 2.674707e-02 | test_full 4.172694e-02
epoch 0196 | 8.61s | train_full 2.631971e-02 | test_full 4.180421e-02
epoch 0197 | 8.79s | train_full 2.669790e-02 | test_full 4.403141e-02
epoch 0198 | 8.78s | train_full 2.658079e-02 | test_full 4.176547e-02
epoch 0199 | 8.66s | train_full 2.655163e-02 | test_full 4.596419e-02
epoch 0200 | 8.34s | train_full 2.557162e-02 | test_full 3.943202e-02
epoch 0201 | 8.76s | train_full 2.454995e-02 | test_full 3.896227e-02
epoch 0202 | 8.76s | train_full 2.439017e-02 | test_full 4.027710e-02
epoch 0203 | 8.70s | train_full 2.448008e-02 | test_full 3.924815e-02
epoch 0204 | 6.11s | train_full 2.413926e-02 | test_full 4.101309e-02
epoch 0205 | 5.10s | train_full 2.436827e-02 | test_full 3.846622e-02
epoch 0206 | 5.13s | train_full 2.421245e-02 | test_full 3.941788e-02
epoch 0207 | 5.25s | train_full 2.442474e-02 | test_full 3.910968e-02
epoch 0208 | 5.18s | train_full 2.439382e-02 | test_full 3.844760e-02
epoch 0209 | 5.21s | train_full 2.423078e-02 | test_full 3.859077e-02
epoch 0210 | 5.25s | train_full 2.394936e-02 | test_full 3.997360e-02
epoch 0211 | 5.33s | train_full 2.428178e-02 | test_full 3.924706e-02
epoch 0212 | 5.70s | train_full 2.416802e-02 | test_full 3.817641e-02
epoch 0213 | 5.23s | train_full 2.411689e-02 | test_full 4.140028e-02
epoch 0214 | 5.30s | train_full 2.431664e-02 | test_full 3.906036e-02
epoch 0215 | 5.45s | train_full 2.396586e-02 | test_full 3.901895e-02
epoch 0216 | 5.30s | train_full 2.427193e-02 | test_full 3.943223e-02
epoch 0217 | 5.74s | train_full 2.424823e-02 | test_full 3.935408e-02
epoch 0218 | 5.41s | train_full 2.427256e-02 | test_full 3.921442e-02
epoch 0219 | 5.37s | train_full 2.431767e-02 | test_full 3.891029e-02
epoch 0220 | 5.61s | train_full 2.436381e-02 | test_full 3.978166e-02
epoch 0221 | 5.47s | train_full 2.440696e-02 | test_full 3.849481e-02
epoch 0222 | 5.94s | train_full 2.405018e-02 | test_full 3.939294e-02
epoch 0223 | 5.51s | train_full 2.429491e-02 | test_full 3.933966e-02
epoch 0224 | 6.43s | train_full 2.395670e-02 | test_full 3.866623e-02
epoch 0225 | 8.60s | train_full 2.419188e-02 | test_full 3.845315e-02
epoch 0226 | 8.56s | train_full 2.395936e-02 | test_full 4.031438e-02
epoch 0227 | 8.69s | train_full 2.445843e-02 | test_full 3.918193e-02
epoch 0228 | 8.23s | train_full 2.379513e-02 | test_full 3.836699e-02
epoch 0229 | 8.05s | train_full 2.383604e-02 | test_full 3.954788e-02
epoch 0230 | 8.11s | train_full 2.423971e-02 | test_full 3.827190e-02
epoch 0231 | 8.14s | train_full 2.409034e-02 | test_full 3.795446e-02
epoch 0232 | 7.87s | train_full 2.404669e-02 | test_full 3.900715e-02
epoch 0233 | 8.12s | train_full 2.423665e-02 | test_full 3.919530e-02
epoch 0234 | 8.27s | train_full 2.399775e-02 | test_full 3.865296e-02
epoch 0235 | 8.24s | train_full 2.382473e-02 | test_full 3.989857e-02
epoch 0236 | 8.24s | train_full 2.389777e-02 | test_full 3.982556e-02
epoch 0237 | 8.56s | train_full 2.391168e-02 | test_full 3.957087e-02
epoch 0238 | 8.68s | train_full 2.387425e-02 | test_full 3.928846e-02
epoch 0239 | 8.55s | train_full 2.378607e-02 | test_full 3.864680e-02
epoch 0240 | 8.53s | train_full 2.409089e-02 | test_full 3.823708e-02
epoch 0241 | 8.33s | train_full 2.368538e-02 | test_full 3.959589e-02
epoch 0242 | 7.98s | train_full 2.355255e-02 | test_full 3.885132e-02
epoch 0243 | 7.98s | train_full 2.360729e-02 | test_full 3.938795e-02
epoch 0244 | 7.98s | train_full 2.380029e-02 | test_full 3.870492e-02
epoch 0245 | 8.56s | train_full 2.385374e-02 | test_full 3.857020e-02
epoch 0246 | 8.62s | train_full 2.365690e-02 | test_full 3.853187e-02
epoch 0247 | 8.64s | train_full 2.380254e-02 | test_full 4.243628e-02
epoch 0248 | 8.57s | train_full 2.368392e-02 | test_full 3.819279e-02
epoch 0249 | 8.67s | train_full 2.378400e-02 | test_full 3.766358e-02
epoch 0250 | 8.84s | train_full 2.347330e-02 | test_full 3.835581e-02
epoch 0251 | 8.92s | train_full 2.388811e-02 | test_full 3.853546e-02
epoch 0252 | 8.91s | train_full 2.338621e-02 | test_full 3.885968e-02
epoch 0253 | 8.97s | train_full 2.383162e-02 | test_full 3.877818e-02
epoch 0254 | 8.85s | train_full 2.391388e-02 | test_full 3.773764e-02
epoch 0255 | 8.95s | train_full 2.381091e-02 | test_full 3.910651e-02
epoch 0256 | 8.93s | train_full 2.341260e-02 | test_full 3.853830e-02
epoch 0257 | 8.93s | train_full 2.352236e-02 | test_full 3.768548e-02
epoch 0258 | 8.89s | train_full 2.362450e-02 | test_full 4.113359e-02
epoch 0259 | 8.92s | train_full 2.375330e-02 | test_full 3.872102e-02
epoch 0260 | 8.86s | train_full 2.378761e-02 | test_full 3.809648e-02
epoch 0261 | 8.74s | train_full 2.378579e-02 | test_full 3.759455e-02
epoch 0262 | 8.73s | train_full 2.350930e-02 | test_full 3.957975e-02
epoch 0263 | 8.79s | train_full 2.379045e-02 | test_full 3.869264e-02
epoch 0264 | 8.93s | train_full 2.369948e-02 | test_full 3.787279e-02
epoch 0265 | 8.93s | train_full 2.348318e-02 | test_full 3.955940e-02
epoch 0266 | 9.10s | train_full 2.347713e-02 | test_full 3.907629e-02
epoch 0267 | 8.71s | train_full 2.352152e-02 | test_full 3.857258e-02
epoch 0268 | 8.83s | train_full 2.389345e-02 | test_full 3.884321e-02
epoch 0269 | 8.71s | train_full 2.328795e-02 | test_full 3.770300e-02
epoch 0270 | 8.52s | train_full 2.342641e-02 | test_full 3.930102e-02
epoch 0271 | 8.25s | train_full 2.342560e-02 | test_full 3.889474e-02
epoch 0272 | 8.46s | train_full 2.381930e-02 | test_full 3.739210e-02
epoch 0273 | 8.03s | train_full 2.340282e-02 | test_full 3.770399e-02
epoch 0274 | 8.39s | train_full 2.320254e-02 | test_full 3.963972e-02
epoch 0275 | 8.26s | train_full 2.353449e-02 | test_full 3.784867e-02
epoch 0276 | 8.08s | train_full 2.348465e-02 | test_full 3.790049e-02
epoch 0277 | 7.98s | train_full 2.349826e-02 | test_full 4.081966e-02
epoch 0278 | 8.69s | train_full 2.377368e-02 | test_full 4.011071e-02
epoch 0279 | 8.65s | train_full 2.336395e-02 | test_full 3.747429e-02
epoch 0280 | 8.99s | train_full 2.355239e-02 | test_full 3.860410e-02
epoch 0281 | 8.22s | train_full 2.378912e-02 | test_full 3.802377e-02
epoch 0282 | 8.11s | train_full 2.373672e-02 | test_full 3.723279e-02
epoch 0283 | 8.56s | train_full 2.336137e-02 | test_full 3.761734e-02
epoch 0284 | 8.60s | train_full 2.367443e-02 | test_full 3.749887e-02
epoch 0285 | 8.51s | train_full 2.372366e-02 | test_full 4.027180e-02
epoch 0286 | 8.64s | train_full 2.384495e-02 | test_full 4.071606e-02
epoch 0287 | 8.54s | train_full 2.385638e-02 | test_full 3.749252e-02
epoch 0288 | 8.84s | train_full 2.325042e-02 | test_full 3.757961e-02
epoch 0289 | 8.72s | train_full 2.336508e-02 | test_full 3.918392e-02
epoch 0290 | 8.68s | train_full 2.349098e-02 | test_full 3.750266e-02
epoch 0291 | 8.19s | train_full 2.295256e-02 | test_full 3.878464e-02
epoch 0292 | 8.34s | train_full 2.325161e-02 | test_full 3.851771e-02
epoch 0293 | 8.94s | train_full 2.347079e-02 | test_full 3.934775e-02
epoch 0294 | 8.69s | train_full 2.371933e-02 | test_full 3.772550e-02
epoch 0295 | 8.89s | train_full 2.313452e-02 | test_full 3.768571e-02
epoch 0296 | 8.42s | train_full 2.298840e-02 | test_full 3.817340e-02
epoch 0297 | 8.13s | train_full 2.358379e-02 | test_full 3.910801e-02
epoch 0298 | 8.34s | train_full 2.314228e-02 | test_full 4.060505e-02
epoch 0299 | 8.48s | train_full 2.339625e-02 | test_full 3.892073e-02
epoch 0300 | 8.67s | train_full 2.252821e-02 | test_full 3.748963e-02
epoch 0301 | 8.11s | train_full 2.251183e-02 | test_full 3.713627e-02
epoch 0302 | 8.22s | train_full 2.250136e-02 | test_full 3.679221e-02
epoch 0303 | 8.03s | train_full 2.242750e-02 | test_full 3.665975e-02
epoch 0304 | 7.90s | train_full 2.223563e-02 | test_full 3.683251e-02
epoch 0305 | 8.33s | train_full 2.240402e-02 | test_full 3.776359e-02
epoch 0306 | 8.18s | train_full 2.225183e-02 | test_full 3.707741e-02
epoch 0307 | 8.42s | train_full 2.238133e-02 | test_full 3.669541e-02
epoch 0308 | 8.05s | train_full 2.245415e-02 | test_full 3.659865e-02
epoch 0309 | 8.66s | train_full 2.233088e-02 | test_full 3.740165e-02
epoch 0310 | 8.62s | train_full 2.216910e-02 | test_full 3.680575e-02
epoch 0311 | 8.56s | train_full 2.217229e-02 | test_full 3.688453e-02
epoch 0312 | 8.62s | train_full 2.220977e-02 | test_full 3.786498e-02
epoch 0313 | 8.63s | train_full 2.228374e-02 | test_full 3.746506e-02
epoch 0314 | 8.64s | train_full 2.239715e-02 | test_full 3.675355e-02
epoch 0315 | 8.64s | train_full 2.211939e-02 | test_full 3.719401e-02
epoch 0316 | 8.15s | train_full 2.224502e-02 | test_full 3.706607e-02
epoch 0317 | 8.25s | train_full 2.230249e-02 | test_full 3.704758e-02
epoch 0318 | 8.34s | train_full 2.225440e-02 | test_full 3.763587e-02
epoch 0319 | 8.39s | train_full 2.223220e-02 | test_full 3.700856e-02
epoch 0320 | 7.84s | train_full 2.232331e-02 | test_full 3.663350e-02
epoch 0321 | 8.33s | train_full 2.204742e-02 | test_full 3.722480e-02
epoch 0322 | 8.45s | train_full 2.217487e-02 | test_full 3.664482e-02
epoch 0323 | 8.45s | train_full 2.207490e-02 | test_full 3.682330e-02
epoch 0324 | 8.28s | train_full 2.224838e-02 | test_full 3.721035e-02
epoch 0325 | 8.37s | train_full 2.206529e-02 | test_full 3.984029e-02
epoch 0326 | 8.93s | train_full 2.219016e-02 | test_full 3.885732e-02
epoch 0327 | 8.82s | train_full 2.253465e-02 | test_full 3.702404e-02
epoch 0328 | 8.65s | train_full 2.201444e-02 | test_full 3.685042e-02
epoch 0329 | 8.74s | train_full 2.198080e-02 | test_full 3.719216e-02
epoch 0330 | 8.62s | train_full 2.221157e-02 | test_full 3.627088e-02
epoch 0331 | 8.69s | train_full 2.213866e-02 | test_full 3.652659e-02
epoch 0332 | 8.57s | train_full 2.208586e-02 | test_full 3.677499e-02
epoch 0333 | 8.81s | train_full 2.207105e-02 | test_full 3.670253e-02
epoch 0334 | 8.87s | train_full 2.233145e-02 | test_full 3.651741e-02
epoch 0335 | 9.13s | train_full 2.213891e-02 | test_full 3.629735e-02
epoch 0336 | 8.84s | train_full 2.198646e-02 | test_full 3.659372e-02
epoch 0337 | 8.81s | train_full 2.203523e-02 | test_full 3.774441e-02
epoch 0338 | 8.82s | train_full 2.233771e-02 | test_full 3.664468e-02
epoch 0339 | 8.91s | train_full 2.207376e-02 | test_full 3.713232e-02
epoch 0340 | 8.80s | train_full 2.220239e-02 | test_full 3.632641e-02
epoch 0341 | 8.87s | train_full 2.194463e-02 | test_full 3.665870e-02
epoch 0342 | 8.76s | train_full 2.212241e-02 | test_full 3.700374e-02
epoch 0343 | 8.75s | train_full 2.196500e-02 | test_full 3.732366e-02
epoch 0344 | 8.85s | train_full 2.214305e-02 | test_full 3.616727e-02
epoch 0345 | 8.77s | train_full 2.198645e-02 | test_full 3.689694e-02
epoch 0346 | 8.75s | train_full 2.207941e-02 | test_full 3.689073e-02
epoch 0347 | 8.72s | train_full 2.196711e-02 | test_full 3.670054e-02
epoch 0348 | 8.68s | train_full 2.205613e-02 | test_full 3.649477e-02
epoch 0349 | 8.55s | train_full 2.183512e-02 | test_full 3.651009e-02
epoch 0350 | 8.65s | train_full 2.209344e-02 | test_full 3.635824e-02
epoch 0351 | 8.57s | train_full 2.206338e-02 | test_full 3.625107e-02
epoch 0352 | 8.60s | train_full 2.210235e-02 | test_full 3.606691e-02
epoch 0353 | 8.08s | train_full 2.193742e-02 | test_full 3.810575e-02
epoch 0354 | 8.81s | train_full 2.195574e-02 | test_full 3.616925e-02
epoch 0355 | 8.60s | train_full 2.198132e-02 | test_full 3.639239e-02
epoch 0356 | 8.79s | train_full 2.189358e-02 | test_full 3.650571e-02
epoch 0357 | 8.82s | train_full 2.178043e-02 | test_full 3.642388e-02
epoch 0358 | 8.72s | train_full 2.207021e-02 | test_full 3.654745e-02
epoch 0359 | 8.39s | train_full 2.188811e-02 | test_full 3.712700e-02
epoch 0360 | 8.67s | train_full 2.179393e-02 | test_full 3.614149e-02
epoch 0361 | 8.49s | train_full 2.196627e-02 | test_full 3.632218e-02
epoch 0362 | 8.27s | train_full 2.180413e-02 | test_full 3.621392e-02
epoch 0363 | 8.17s | train_full 2.183975e-02 | test_full 3.632988e-02
epoch 0364 | 8.29s | train_full 2.194245e-02 | test_full 3.617873e-02
epoch 0365 | 8.38s | train_full 2.173609e-02 | test_full 3.680345e-02
epoch 0366 | 8.75s | train_full 2.186883e-02 | test_full 3.602260e-02
epoch 0367 | 8.58s | train_full 2.181131e-02 | test_full 3.680145e-02
epoch 0368 | 8.58s | train_full 2.185298e-02 | test_full 3.600654e-02
epoch 0369 | 8.59s | train_full 2.186824e-02 | test_full 3.623989e-02
epoch 0370 | 8.64s | train_full 2.191455e-02 | test_full 3.643414e-02
epoch 0371 | 8.70s | train_full 2.203473e-02 | test_full 3.974404e-02
epoch 0372 | 8.59s | train_full 2.204694e-02 | test_full 3.650976e-02
epoch 0373 | 8.64s | train_full 2.165298e-02 | test_full 3.709111e-02
epoch 0374 | 8.60s | train_full 2.182716e-02 | test_full 3.586411e-02
epoch 0375 | 8.53s | train_full 2.173042e-02 | test_full 3.658668e-02
epoch 0376 | 8.66s | train_full 2.187523e-02 | test_full 3.623653e-02
epoch 0377 | 8.62s | train_full 2.169185e-02 | test_full 3.622712e-02
epoch 0378 | 8.69s | train_full 2.182983e-02 | test_full 3.714540e-02
epoch 0379 | 8.58s | train_full 2.170717e-02 | test_full 3.590251e-02
epoch 0380 | 8.48s | train_full 2.181761e-02 | test_full 3.706918e-02
epoch 0381 | 8.60s | train_full 2.198076e-02 | test_full 3.613527e-02
epoch 0382 | 8.53s | train_full 2.177670e-02 | test_full 3.639996e-02
epoch 0383 | 8.73s | train_full 2.176269e-02 | test_full 3.718851e-02
epoch 0384 | 8.43s | train_full 2.190558e-02 | test_full 3.674684e-02
epoch 0385 | 8.32s | train_full 2.202636e-02 | test_full 3.767549e-02
epoch 0386 | 8.04s | train_full 2.191207e-02 | test_full 3.642936e-02
epoch 0387 | 8.08s | train_full 2.179054e-02 | test_full 3.706747e-02
epoch 0388 | 8.39s | train_full 2.192697e-02 | test_full 3.618465e-02
epoch 0389 | 8.16s | train_full 2.169202e-02 | test_full 3.629529e-02
epoch 0390 | 7.89s | train_full 2.180814e-02 | test_full 3.571160e-02
epoch 0391 | 8.11s | train_full 2.180753e-02 | test_full 3.582230e-02
epoch 0392 | 8.03s | train_full 2.172697e-02 | test_full 3.626643e-02
epoch 0393 | 7.98s | train_full 2.170980e-02 | test_full 3.545435e-02
epoch 0394 | 7.99s | train_full 2.188338e-02 | test_full 3.587456e-02
epoch 0395 | 8.19s | train_full 2.195105e-02 | test_full 3.575222e-02
epoch 0396 | 7.97s | train_full 2.196150e-02 | test_full 3.688140e-02
epoch 0397 | 8.30s | train_full 2.195482e-02 | test_full 3.591198e-02
epoch 0398 | 8.12s | train_full 2.184849e-02 | test_full 3.788351e-02
epoch 0399 | 7.95s | train_full 2.166704e-02 | test_full 3.619000e-02
epoch 0400 | 8.43s | train_full 2.134203e-02 | test_full 3.609259e-02
epoch 0401 | 8.26s | train_full 2.132000e-02 | test_full 3.594011e-02
epoch 0402 | 8.16s | train_full 2.131228e-02 | test_full 3.608094e-02
epoch 0403 | 8.00s | train_full 2.135633e-02 | test_full 3.533460e-02
epoch 0404 | 7.93s | train_full 2.119362e-02 | test_full 3.680063e-02
epoch 0405 | 8.28s | train_full 2.137981e-02 | test_full 3.548152e-02
epoch 0406 | 8.12s | train_full 2.137308e-02 | test_full 3.671672e-02
epoch 0407 | 7.95s | train_full 2.134398e-02 | test_full 3.626693e-02
epoch 0408 | 8.26s | train_full 2.126660e-02 | test_full 3.546730e-02
epoch 0409 | 8.25s | train_full 2.118924e-02 | test_full 3.559600e-02
epoch 0410 | 8.28s | train_full 2.122340e-02 | test_full 3.599832e-02
epoch 0411 | 8.02s | train_full 2.125455e-02 | test_full 3.592851e-02
epoch 0412 | 8.27s | train_full 2.127945e-02 | test_full 3.560124e-02
epoch 0413 | 8.27s | train_full 2.119012e-02 | test_full 3.554459e-02
epoch 0414 | 8.01s | train_full 2.117575e-02 | test_full 3.639786e-02
epoch 0415 | 8.26s | train_full 2.130038e-02 | test_full 3.624321e-02
epoch 0416 | 7.75s | train_full 2.136042e-02 | test_full 3.536139e-02
epoch 0417 | 8.07s | train_full 2.120920e-02 | test_full 3.555625e-02
epoch 0418 | 7.79s | train_full 2.121444e-02 | test_full 3.608927e-02
epoch 0419 | 8.20s | train_full 2.120013e-02 | test_full 3.530245e-02
epoch 0420 | 8.39s | train_full 2.114755e-02 | test_full 3.565305e-02
epoch 0421 | 8.04s | train_full 2.120777e-02 | test_full 3.623065e-02
epoch 0422 | 7.99s | train_full 2.126142e-02 | test_full 3.544133e-02
epoch 0423 | 9.08s | train_full 2.126617e-02 | test_full 3.602568e-02
epoch 0424 | 8.78s | train_full 2.119327e-02 | test_full 3.567072e-02
epoch 0425 | 8.74s | train_full 2.112382e-02 | test_full 3.612415e-02
epoch 0426 | 8.77s | train_full 2.119079e-02 | test_full 3.616448e-02
epoch 0427 | 8.82s | train_full 2.113109e-02 | test_full 3.536426e-02
epoch 0428 | 8.76s | train_full 2.118094e-02 | test_full 3.605155e-02
epoch 0429 | 8.13s | train_full 2.110444e-02 | test_full 3.582454e-02
epoch 0430 | 8.59s | train_full 2.118025e-02 | test_full 3.569146e-02
epoch 0431 | 8.75s | train_full 2.113198e-02 | test_full 3.561888e-02
epoch 0432 | 9.34s | train_full 2.129475e-02 | test_full 3.571686e-02
epoch 0433 | 9.34s | train_full 2.122527e-02 | test_full 3.531794e-02
epoch 0434 | 9.37s | train_full 2.114966e-02 | test_full 3.602834e-02
epoch 0435 | 9.26s | train_full 2.116240e-02 | test_full 3.543633e-02
epoch 0436 | 9.25s | train_full 2.111227e-02 | test_full 3.570301e-02
epoch 0437 | 9.29s | train_full 2.113432e-02 | test_full 3.556277e-02
epoch 0438 | 9.23s | train_full 2.108547e-02 | test_full 3.553434e-02
epoch 0439 | 9.34s | train_full 2.108133e-02 | test_full 3.566222e-02
epoch 0440 | 9.25s | train_full 2.110337e-02 | test_full 3.539743e-02
epoch 0441 | 9.34s | train_full 2.108028e-02 | test_full 3.595586e-02
epoch 0442 | 8.93s | train_full 2.120398e-02 | test_full 3.704948e-02
epoch 0443 | 8.75s | train_full 2.111439e-02 | test_full 3.566081e-02
epoch 0444 | 8.56s | train_full 2.113546e-02 | test_full 3.567034e-02
epoch 0445 | 8.74s | train_full 2.107093e-02 | test_full 3.560700e-02
epoch 0446 | 8.76s | train_full 2.114834e-02 | test_full 3.569845e-02
epoch 0447 | 8.69s | train_full 2.108037e-02 | test_full 3.589346e-02
epoch 0448 | 8.72s | train_full 2.117735e-02 | test_full 3.544311e-02
epoch 0449 | 8.71s | train_full 2.107507e-02 | test_full 3.618400e-02
epoch 0450 | 8.77s | train_full 2.115897e-02 | test_full 3.584012e-02
epoch 0451 | 8.59s | train_full 2.101324e-02 | test_full 3.530117e-02
epoch 0452 | 8.45s | train_full 2.102778e-02 | test_full 3.564227e-02
epoch 0453 | 8.79s | train_full 2.105066e-02 | test_full 3.536139e-02
epoch 0454 | 8.67s | train_full 2.100434e-02 | test_full 3.566337e-02
epoch 0455 | 8.68s | train_full 2.097846e-02 | test_full 3.510641e-02
epoch 0456 | 8.76s | train_full 2.106562e-02 | test_full 3.566136e-02
epoch 0457 | 8.71s | train_full 2.106536e-02 | test_full 3.561504e-02
epoch 0458 | 8.76s | train_full 2.109064e-02 | test_full 3.546922e-02
epoch 0459 | 8.44s | train_full 2.110202e-02 | test_full 3.541063e-02
epoch 0460 | 8.35s | train_full 2.096646e-02 | test_full 3.550743e-02
epoch 0461 | 8.63s | train_full 2.108298e-02 | test_full 3.589144e-02
epoch 0462 | 8.67s | train_full 2.103015e-02 | test_full 3.588266e-02
epoch 0463 | 8.72s | train_full 2.106470e-02 | test_full 3.536018e-02
epoch 0464 | 8.55s | train_full 2.098022e-02 | test_full 3.517672e-02
epoch 0465 | 8.58s | train_full 2.099322e-02 | test_full 3.555344e-02
epoch 0466 | 8.80s | train_full 2.105734e-02 | test_full 3.564991e-02
epoch 0467 | 8.53s | train_full 2.098366e-02 | test_full 3.575220e-02
epoch 0468 | 8.17s | train_full 2.096009e-02 | test_full 3.580519e-02
epoch 0469 | 8.22s | train_full 2.102784e-02 | test_full 3.523425e-02
epoch 0470 | 8.04s | train_full 2.100994e-02 | test_full 3.551935e-02
epoch 0471 | 8.48s | train_full 2.098344e-02 | test_full 3.551218e-02
epoch 0472 | 8.65s | train_full 2.097427e-02 | test_full 3.539830e-02
epoch 0473 | 8.75s | train_full 2.105159e-02 | test_full 3.567624e-02
epoch 0474 | 8.67s | train_full 2.108884e-02 | test_full 3.557698e-02
epoch 0475 | 8.80s | train_full 2.106674e-02 | test_full 3.558663e-02
epoch 0476 | 8.63s | train_full 2.103532e-02 | test_full 3.532243e-02
epoch 0477 | 8.62s | train_full 2.099458e-02 | test_full 3.553731e-02
epoch 0478 | 8.58s | train_full 2.097216e-02 | test_full 3.562887e-02
epoch 0479 | 8.29s | train_full 2.089830e-02 | test_full 3.585673e-02
epoch 0480 | 8.44s | train_full 2.094963e-02 | test_full 3.549245e-02
epoch 0481 | 8.74s | train_full 2.093899e-02 | test_full 3.546860e-02
epoch 0482 | 8.80s | train_full 2.099507e-02 | test_full 3.502391e-02
epoch 0483 | 8.65s | train_full 2.093216e-02 | test_full 3.564427e-02
epoch 0484 | 8.74s | train_full 2.093601e-02 | test_full 3.548433e-02
epoch 0485 | 8.70s | train_full 2.090216e-02 | test_full 3.532839e-02
epoch 0486 | 8.75s | train_full 2.093496e-02 | test_full 3.562092e-02
epoch 0487 | 8.74s | train_full 2.096843e-02 | test_full 3.531849e-02
epoch 0488 | 8.70s | train_full 2.098775e-02 | test_full 3.536385e-02
epoch 0489 | 8.63s | train_full 2.102338e-02 | test_full 3.557415e-02
epoch 0490 | 8.58s | train_full 2.103086e-02 | test_full 3.506824e-02
epoch 0491 | 8.22s | train_full 2.087964e-02 | test_full 3.555337e-02
epoch 0492 | 8.27s | train_full 2.099912e-02 | test_full 3.516854e-02
epoch 0493 | 8.35s | train_full 2.104012e-02 | test_full 3.547975e-02
epoch 0494 | 8.19s | train_full 2.085462e-02 | test_full 3.530104e-02
epoch 0495 | 8.70s | train_full 2.097118e-02 | test_full 3.554170e-02
epoch 0496 | 8.84s | train_full 2.088746e-02 | test_full 3.585709e-02
epoch 0497 | 8.80s | train_full 2.089736e-02 | test_full 3.554409e-02
epoch 0498 | 8.80s | train_full 2.094574e-02 | test_full 3.556227e-02
epoch 0499 | 8.65s | train_full 2.093432e-02 | test_full 3.533095e-02
