nohup: ignoring input
CFD-1D data loaded: x (128, 10, 3), y (128, 21, 3), grid (128, 1)
parameters: 35905
epoch 0000 | 5.51s | train_full 6.775381e-01 | test_full 9.044467e-01
epoch 0001 | 5.31s | train_full 6.423700e-01 | test_full 8.594769e-01
epoch 0002 | 5.22s | train_full 6.130038e-01 | test_full 8.177556e-01
epoch 0003 | 5.23s | train_full 5.850529e-01 | test_full 7.778518e-01
epoch 0004 | 5.13s | train_full 5.586734e-01 | test_full 7.395321e-01
epoch 0005 | 5.32s | train_full 5.331485e-01 | test_full 7.025592e-01
epoch 0006 | 5.22s | train_full 5.086421e-01 | test_full 6.674664e-01
epoch 0007 | 5.17s | train_full 4.851914e-01 | test_full 6.347393e-01
epoch 0008 | 5.11s | train_full 4.628378e-01 | test_full 6.052394e-01
epoch 0009 | 5.24s | train_full 4.424193e-01 | test_full 5.790125e-01
epoch 0010 | 5.35s | train_full 4.235619e-01 | test_full 5.556638e-01
epoch 0011 | 5.25s | train_full 4.068563e-01 | test_full 5.362386e-01
epoch 0012 | 5.16s | train_full 3.917998e-01 | test_full 5.195753e-01
epoch 0013 | 5.27s | train_full 3.789213e-01 | test_full 5.056480e-01
epoch 0014 | 5.25s | train_full 3.672757e-01 | test_full 4.945035e-01
epoch 0015 | 5.17s | train_full 3.575365e-01 | test_full 4.860358e-01
epoch 0016 | 5.21s | train_full 3.495596e-01 | test_full 4.799794e-01
epoch 0017 | 5.19s | train_full 3.424315e-01 | test_full 4.761086e-01
epoch 0018 | 5.18s | train_full 3.370014e-01 | test_full 4.738296e-01
epoch 0019 | 5.13s | train_full 3.321311e-01 | test_full 4.727313e-01
epoch 0020 | 5.06s | train_full 3.288773e-01 | test_full 4.728369e-01
epoch 0021 | 5.12s | train_full 3.262776e-01 | test_full 4.739680e-01
epoch 0022 | 5.14s | train_full 3.244608e-01 | test_full 4.759526e-01
epoch 0023 | 5.17s | train_full 3.219990e-01 | test_full 4.251203e-01
epoch 0024 | 5.67s | train_full 3.017453e-01 | test_full 6.366598e-01
epoch 0025 | 5.18s | train_full 4.100541e-01 | test_full 4.970554e-01
epoch 0026 | 5.79s | train_full 3.640274e-01 | test_full 4.943716e-01
epoch 0027 | 5.23s | train_full 3.613117e-01 | test_full 4.918868e-01
epoch 0028 | 5.12s | train_full 3.587048e-01 | test_full 4.895717e-01
epoch 0029 | 5.30s | train_full 3.561380e-01 | test_full 4.874050e-01
epoch 0030 | 4.95s | train_full 3.536831e-01 | test_full 4.855787e-01
epoch 0031 | 4.78s | train_full 3.513937e-01 | test_full 4.839142e-01
epoch 0032 | 4.89s | train_full 3.490232e-01 | test_full 4.824092e-01
epoch 0033 | 4.98s | train_full 3.469024e-01 | test_full 4.811449e-01
epoch 0034 | 4.93s | train_full 3.447630e-01 | test_full 4.801073e-01
epoch 0035 | 5.56s | train_full 3.372812e-01 | test_full 4.672342e-01
epoch 0036 | 5.79s | train_full 3.239867e-01 | test_full 4.670478e-01
epoch 0037 | 5.73s | train_full 3.229569e-01 | test_full 4.669021e-01
epoch 0038 | 5.10s | train_full 3.227600e-01 | test_full 4.679367e-01
epoch 0039 | 5.03s | train_full 3.221034e-01 | test_full 4.716698e-01
epoch 0040 | 5.18s | train_full 3.227228e-01 | test_full 4.721127e-01
epoch 0041 | 5.19s | train_full 3.218746e-01 | test_full 4.679948e-01
epoch 0042 | 5.15s | train_full 3.187830e-01 | test_full 4.681112e-01
epoch 0043 | 5.14s | train_full 3.170027e-01 | test_full 4.648302e-01
epoch 0044 | 4.97s | train_full 3.182111e-01 | test_full 4.711411e-01
epoch 0045 | 5.15s | train_full 3.182975e-01 | test_full 4.709763e-01
epoch 0046 | 5.28s | train_full 3.161931e-01 | test_full 4.658627e-01
epoch 0047 | 5.21s | train_full 3.169363e-01 | test_full 4.743543e-01
epoch 0048 | 5.20s | train_full 3.173832e-01 | test_full 4.722674e-01
epoch 0049 | 5.16s | train_full 3.142733e-01 | test_full 4.643381e-01
epoch 0050 | 5.17s | train_full 3.043158e-01 | test_full 4.697131e-01
epoch 0051 | 5.09s | train_full 4.358720e-01 | test_full 8.998052e-01
epoch 0052 | 5.09s | train_full 4.650198e-01 | test_full 6.031678e-01
epoch 0053 | 5.13s | train_full 5.305841e-01 | test_full 8.758398e-01
epoch 0054 | 5.50s | train_full 6.338065e-01 | test_full 9.109883e-01
epoch 0055 | 5.27s | train_full 6.873172e-01 | test_full 9.810892e-01
epoch 0056 | 5.28s | train_full 7.042699e-01 | test_full 9.834589e-01
epoch 0057 | 5.22s | train_full 7.120010e-01 | test_full 1.012760e+00
epoch 0058 | 5.20s | train_full 7.288406e-01 | test_full 1.017052e+00
epoch 0059 | 5.24s | train_full 7.298126e-01 | test_full 1.012274e+00
epoch 0060 | 5.45s | train_full 7.313497e-01 | test_full 1.013084e+00
epoch 0061 | 5.17s | train_full 7.316090e-01 | test_full 1.012897e+00
epoch 0062 | 5.12s | train_full 7.257690e-01 | test_full 9.879894e-01
epoch 0063 | 5.13s | train_full 7.125006e-01 | test_full 9.874875e-01
epoch 0064 | 5.00s | train_full 7.153171e-01 | test_full 9.986894e-01
epoch 0065 | 5.20s | train_full 7.257198e-01 | test_full 1.003826e+00
epoch 0066 | 5.17s | train_full 7.271871e-01 | test_full 1.003474e+00
epoch 0067 | 4.91s | train_full 7.261051e-01 | test_full 1.002809e+00
epoch 0068 | 5.02s | train_full 7.259173e-01 | test_full 1.002896e+00
epoch 0069 | 5.31s | train_full 7.258674e-01 | test_full 1.002758e+00
epoch 0070 | 5.14s | train_full 7.251327e-01 | test_full 1.003139e+00
epoch 0071 | 4.91s | train_full 7.259809e-01 | test_full 1.003142e+00
epoch 0072 | 4.79s | train_full 7.255981e-01 | test_full 1.001753e+00
epoch 0073 | 4.94s | train_full 7.250615e-01 | test_full 1.001547e+00
epoch 0074 | 4.87s | train_full 7.252520e-01 | test_full 1.004346e+00
epoch 0075 | 4.94s | train_full 7.269119e-01 | test_full 1.004385e+00
epoch 0076 | 4.87s | train_full 7.265638e-01 | test_full 1.003114e+00
epoch 0077 | 5.33s | train_full 7.263129e-01 | test_full 1.003568e+00
epoch 0078 | 5.09s | train_full 7.254793e-01 | test_full 1.000767e+00
epoch 0079 | 5.18s | train_full 7.214623e-01 | test_full 9.958301e-01
epoch 0080 | 5.02s | train_full 7.193019e-01 | test_full 9.963753e-01
epoch 0081 | 5.22s | train_full 7.196231e-01 | test_full 9.963552e-01
epoch 0082 | 5.40s | train_full 7.192906e-01 | test_full 9.894956e-01
epoch 0083 | 5.42s | train_full 7.141043e-01 | test_full 9.891074e-01
epoch 0084 | 5.43s | train_full 7.149500e-01 | test_full 9.905628e-01
epoch 0085 | 5.40s | train_full 7.154215e-01 | test_full 9.910094e-01
epoch 0086 | 5.28s | train_full 7.157990e-01 | test_full 9.910894e-01
epoch 0087 | 5.34s | train_full 7.156665e-01 | test_full 9.903974e-01
epoch 0088 | 5.42s | train_full 7.153561e-01 | test_full 9.905153e-01
epoch 0089 | 5.37s | train_full 7.157831e-01 | test_full 9.880295e-01
epoch 0090 | 5.41s | train_full 7.261544e-01 | test_full 9.966642e-01
epoch 0091 | 5.41s | train_full 7.184295e-01 | test_full 9.942745e-01
epoch 0092 | 5.38s | train_full 7.182630e-01 | test_full 9.945215e-01
epoch 0093 | 5.38s | train_full 7.189386e-01 | test_full 9.956266e-01
epoch 0094 | 5.43s | train_full 7.192020e-01 | test_full 9.966832e-01
epoch 0095 | 5.39s | train_full 7.216925e-01 | test_full 1.000291e+00
epoch 0096 | 5.49s | train_full 7.227320e-01 | test_full 1.000631e+00
epoch 0097 | 5.35s | train_full 7.228501e-01 | test_full 9.979232e-01
epoch 0098 | 5.37s | train_full 7.185430e-01 | test_full 9.936748e-01
epoch 0099 | 5.35s | train_full 7.185028e-01 | test_full 9.964002e-01
epoch 0100 | 5.09s | train_full 7.198215e-01 | test_full 9.966044e-01
epoch 0101 | 5.08s | train_full 7.195751e-01 | test_full 9.960285e-01
epoch 0102 | 5.14s | train_full 7.195369e-01 | test_full 9.961372e-01
epoch 0103 | 5.17s | train_full 7.196683e-01 | test_full 9.967141e-01
epoch 0104 | 5.11s | train_full 7.197127e-01 | test_full 9.964933e-01
epoch 0105 | 5.06s | train_full 7.196083e-01 | test_full 9.963484e-01
epoch 0106 | 5.11s | train_full 7.204968e-01 | test_full 9.976602e-01
epoch 0107 | 5.14s | train_full 7.254211e-01 | test_full 1.013380e+00
epoch 0108 | 5.14s | train_full 7.328033e-01 | test_full 1.013576e+00
epoch 0109 | 5.14s | train_full 7.327519e-01 | test_full 1.013636e+00
epoch 0110 | 5.14s | train_full 7.327236e-01 | test_full 1.013542e+00
epoch 0111 | 5.11s | train_full 7.326925e-01 | test_full 1.013536e+00
epoch 0112 | 5.14s | train_full 7.327066e-01 | test_full 1.013508e+00
epoch 0113 | 5.17s | train_full 7.330655e-01 | test_full 1.015040e+00
epoch 0114 | 5.20s | train_full 7.343047e-01 | test_full 1.015253e+00
epoch 0115 | 5.12s | train_full 7.343273e-01 | test_full 1.015223e+00
epoch 0116 | 4.95s | train_full 7.343314e-01 | test_full 1.015168e+00
epoch 0117 | 5.13s | train_full 7.343361e-01 | test_full 1.015194e+00
epoch 0118 | 4.90s | train_full 7.342932e-01 | test_full 1.015178e+00
epoch 0119 | 4.83s | train_full 7.342754e-01 | test_full 1.015134e+00
epoch 0120 | 4.82s | train_full 7.342145e-01 | test_full 1.015082e+00
epoch 0121 | 4.91s | train_full 7.341267e-01 | test_full 1.014169e+00
epoch 0122 | 4.88s | train_full 7.310160e-01 | test_full 1.009344e+00
epoch 0123 | 4.89s | train_full 7.306781e-01 | test_full 1.011890e+00
epoch 0124 | 4.82s | train_full 7.322019e-01 | test_full 1.012422e+00
epoch 0125 | 4.83s | train_full 7.320464e-01 | test_full 1.012227e+00
epoch 0126 | 4.90s | train_full 7.320373e-01 | test_full 1.012130e+00
epoch 0127 | 4.89s | train_full 7.321274e-01 | test_full 1.012397e+00
epoch 0128 | 4.84s | train_full 7.324303e-01 | test_full 1.012390e+00
epoch 0129 | 5.15s | train_full 7.324660e-01 | test_full 1.012420e+00
epoch 0130 | 5.14s | train_full 7.325339e-01 | test_full 1.012702e+00
epoch 0131 | 5.07s | train_full 7.324818e-01 | test_full 1.012538e+00
epoch 0132 | 5.07s | train_full 7.324037e-01 | test_full 1.012818e+00
epoch 0133 | 4.99s | train_full 7.324391e-01 | test_full 1.012474e+00
epoch 0134 | 5.10s | train_full 7.322985e-01 | test_full 1.012362e+00
epoch 0135 | 5.18s | train_full 7.323010e-01 | test_full 1.012453e+00
epoch 0136 | 5.17s | train_full 7.323459e-01 | test_full 1.012431e+00
epoch 0137 | 5.06s | train_full 7.329498e-01 | test_full 1.014120e+00
epoch 0138 | 5.09s | train_full 7.328126e-01 | test_full 1.012071e+00
epoch 0139 | 5.13s | train_full 7.319058e-01 | test_full 1.012002e+00
epoch 0140 | 5.05s | train_full 7.318756e-01 | test_full 1.011898e+00
epoch 0141 | 5.13s | train_full 7.318138e-01 | test_full 1.011250e+00
epoch 0142 | 5.06s | train_full 7.302500e-01 | test_full 1.010101e+00
epoch 0143 | 5.13s | train_full 7.305469e-01 | test_full 1.009872e+00
epoch 0144 | 5.08s | train_full 7.301756e-01 | test_full 1.008903e+00
epoch 0145 | 5.10s | train_full 7.286949e-01 | test_full 1.007739e+00
epoch 0146 | 5.16s | train_full 7.187118e-01 | test_full 9.865582e-01
epoch 0147 | 5.12s | train_full 7.119350e-01 | test_full 9.862789e-01
epoch 0148 | 5.13s | train_full 7.118603e-01 | test_full 9.861866e-01
epoch 0149 | 5.13s | train_full 7.118706e-01 | test_full 9.862214e-01
epoch 0150 | 5.06s | train_full 7.118469e-01 | test_full 9.860920e-01
epoch 0151 | 5.02s | train_full 7.118050e-01 | test_full 9.861633e-01
epoch 0152 | 5.37s | train_full 7.118070e-01 | test_full 9.858980e-01
epoch 0153 | 5.20s | train_full 7.117088e-01 | test_full 9.858438e-01
epoch 0154 | 5.22s | train_full 7.116485e-01 | test_full 9.850792e-01
epoch 0155 | 5.07s | train_full 7.104935e-01 | test_full 9.841168e-01
epoch 0156 | 5.13s | train_full 7.093584e-01 | test_full 9.819566e-01
epoch 0157 | 5.27s | train_full 7.147516e-01 | test_full 9.952491e-01
epoch 0158 | 4.84s | train_full 7.191441e-01 | test_full 9.961000e-01
epoch 0159 | 5.19s | train_full 7.200977e-01 | test_full 1.000349e+00
epoch 0160 | 5.11s | train_full 7.233901e-01 | test_full 1.000639e+00
epoch 0161 | 5.07s | train_full 7.234925e-01 | test_full 1.000503e+00
epoch 0162 | 5.04s | train_full 7.222294e-01 | test_full 9.985835e-01
epoch 0163 | 5.05s | train_full 7.220040e-01 | test_full 9.988759e-01
epoch 0164 | 5.08s | train_full 7.222026e-01 | test_full 9.988277e-01
epoch 0165 | 5.03s | train_full 7.221918e-01 | test_full 9.988203e-01
epoch 0166 | 5.10s | train_full 7.226227e-01 | test_full 1.001678e+00
epoch 0167 | 5.17s | train_full 7.249420e-01 | test_full 1.004009e+00
epoch 0168 | 5.09s | train_full 7.259781e-01 | test_full 1.004495e+00
epoch 0169 | 5.08s | train_full 7.259897e-01 | test_full 1.004371e+00
epoch 0170 | 5.12s | train_full 7.259014e-01 | test_full 1.003082e+00
epoch 0171 | 5.05s | train_full 7.254889e-01 | test_full 1.003965e+00
epoch 0172 | 5.19s | train_full 7.256292e-01 | test_full 1.003931e+00
epoch 0173 | 5.06s | train_full 7.256615e-01 | test_full 1.003931e+00
epoch 0174 | 4.86s | train_full 7.255551e-01 | test_full 1.003960e+00
epoch 0175 | 4.92s | train_full 7.257425e-01 | test_full 1.004111e+00
epoch 0176 | 4.91s | train_full 7.258906e-01 | test_full 1.004893e+00
epoch 0177 | 5.03s | train_full 7.262765e-01 | test_full 1.007671e+00
epoch 0178 | 5.15s | train_full 7.287659e-01 | test_full 1.008598e+00
epoch 0179 | 4.82s | train_full 7.286735e-01 | test_full 1.007917e+00
epoch 0180 | 4.90s | train_full 7.285733e-01 | test_full 1.008025e+00
epoch 0181 | 4.86s | train_full 7.295697e-01 | test_full 1.011217e+00
epoch 0182 | 4.85s | train_full 7.312906e-01 | test_full 1.011657e+00
epoch 0183 | 5.47s | train_full 7.313716e-01 | test_full 1.011772e+00
epoch 0184 | 5.12s | train_full 7.311119e-01 | test_full 1.011454e+00
epoch 0185 | 5.20s | train_full 7.310995e-01 | test_full 1.011572e+00
epoch 0186 | 5.14s | train_full 7.311178e-01 | test_full 1.011505e+00
epoch 0187 | 5.04s | train_full 7.311064e-01 | test_full 1.011511e+00
epoch 0188 | 5.02s | train_full 7.311298e-01 | test_full 1.011535e+00
epoch 0189 | 5.12s | train_full 7.311063e-01 | test_full 1.011495e+00
epoch 0190 | 5.11s | train_full 7.311026e-01 | test_full 1.011472e+00
epoch 0191 | 5.04s | train_full 7.311139e-01 | test_full 1.011586e+00
epoch 0192 | 5.10s | train_full 7.310810e-01 | test_full 1.011609e+00
epoch 0193 | 5.12s | train_full 7.310956e-01 | test_full 1.011544e+00
epoch 0194 | 5.12s | train_full 7.311286e-01 | test_full 1.011370e+00
epoch 0195 | 5.10s | train_full 7.310749e-01 | test_full 1.011354e+00
epoch 0196 | 5.02s | train_full 7.310891e-01 | test_full 1.011537e+00
epoch 0197 | 5.29s | train_full 7.308793e-01 | test_full 1.010829e+00
epoch 0198 | 5.13s | train_full 7.308322e-01 | test_full 1.010979e+00
epoch 0199 | 5.11s | train_full 7.309242e-01 | test_full 1.011170e+00
epoch 0200 | 5.49s | train_full 7.310454e-01 | test_full 1.011068e+00
epoch 0201 | 5.28s | train_full 7.310407e-01 | test_full 1.011118e+00
epoch 0202 | 5.08s | train_full 7.310440e-01 | test_full 1.011086e+00
epoch 0203 | 5.15s | train_full 7.310619e-01 | test_full 1.011184e+00
epoch 0204 | 5.09s | train_full 7.310590e-01 | test_full 1.011138e+00
epoch 0205 | 4.99s | train_full 7.310934e-01 | test_full 1.011247e+00
epoch 0206 | 5.15s | train_full 7.310918e-01 | test_full 1.011191e+00
epoch 0207 | 5.09s | train_full 7.310644e-01 | test_full 1.011207e+00
epoch 0208 | 5.37s | train_full 7.310766e-01 | test_full 1.011473e+00
epoch 0209 | 5.17s | train_full 7.310341e-01 | test_full 1.011277e+00
epoch 0210 | 5.13s | train_full 7.309625e-01 | test_full 1.011273e+00
epoch 0211 | 5.08s | train_full 7.309154e-01 | test_full 1.011272e+00
epoch 0212 | 5.18s | train_full 7.308929e-01 | test_full 1.011122e+00
epoch 0213 | 5.23s | train_full 7.309592e-01 | test_full 1.011425e+00
epoch 0214 | 5.17s | train_full 7.309591e-01 | test_full 1.011430e+00
epoch 0215 | 5.11s | train_full 7.309670e-01 | test_full 1.011348e+00
epoch 0216 | 4.95s | train_full 7.309501e-01 | test_full 1.011156e+00
epoch 0217 | 4.95s | train_full 7.309237e-01 | test_full 1.011098e+00
epoch 0218 | 5.14s | train_full 7.308958e-01 | test_full 1.011168e+00
epoch 0219 | 5.14s | train_full 7.309569e-01 | test_full 1.011198e+00
epoch 0220 | 5.12s | train_full 7.309265e-01 | test_full 1.011267e+00
epoch 0221 | 5.10s | train_full 7.310633e-01 | test_full 1.011911e+00
epoch 0222 | 5.15s | train_full 7.313504e-01 | test_full 1.011930e+00
epoch 0223 | 5.14s | train_full 7.313015e-01 | test_full 1.012106e+00
epoch 0224 | 5.07s | train_full 7.313203e-01 | test_full 1.012094e+00
epoch 0225 | 5.49s | train_full 7.313100e-01 | test_full 1.011909e+00
epoch 0226 | 5.19s | train_full 7.312274e-01 | test_full 1.011918e+00
epoch 0227 | 5.22s | train_full 7.311657e-01 | test_full 1.012020e+00
epoch 0228 | 5.13s | train_full 7.312032e-01 | test_full 1.012006e+00
epoch 0229 | 5.07s | train_full 7.312142e-01 | test_full 1.012000e+00
epoch 0230 | 5.21s | train_full 7.312170e-01 | test_full 1.011952e+00
epoch 0231 | 4.85s | train_full 7.311461e-01 | test_full 1.011993e+00
epoch 0232 | 4.94s | train_full 7.312743e-01 | test_full 1.012003e+00
epoch 0233 | 5.03s | train_full 7.313767e-01 | test_full 1.011990e+00
epoch 0234 | 5.17s | train_full 7.314066e-01 | test_full 1.012097e+00
epoch 0235 | 5.15s | train_full 7.313896e-01 | test_full 1.012192e+00
epoch 0236 | 5.05s | train_full 7.314540e-01 | test_full 1.012270e+00
epoch 0237 | 5.20s | train_full 7.314733e-01 | test_full 1.012269e+00
epoch 0238 | 5.28s | train_full 7.314341e-01 | test_full 1.012281e+00
epoch 0239 | 5.18s | train_full 7.314529e-01 | test_full 1.012182e+00
epoch 0240 | 5.22s | train_full 7.314380e-01 | test_full 1.012107e+00
epoch 0241 | 5.11s | train_full 7.314314e-01 | test_full 1.012106e+00
epoch 0242 | 5.17s | train_full 7.314263e-01 | test_full 1.011852e+00
epoch 0243 | 5.17s | train_full 7.314115e-01 | test_full 1.012228e+00
epoch 0244 | 5.01s | train_full 7.313959e-01 | test_full 1.012164e+00
epoch 0245 | 4.97s | train_full 7.313966e-01 | test_full 1.012030e+00
epoch 0246 | 4.93s | train_full 7.313696e-01 | test_full 1.012119e+00
epoch 0247 | 5.37s | train_full 7.313795e-01 | test_full 1.012317e+00
epoch 0248 | 5.13s | train_full 7.314188e-01 | test_full 1.012123e+00
epoch 0249 | 5.08s | train_full 7.313999e-01 | test_full 1.012079e+00
epoch 0250 | 5.67s | train_full 7.313785e-01 | test_full 1.012085e+00
epoch 0251 | 5.26s | train_full 7.312834e-01 | test_full 1.011970e+00
epoch 0252 | 5.09s | train_full 7.312590e-01 | test_full 1.012049e+00
epoch 0253 | 5.14s | train_full 7.312820e-01 | test_full 1.012158e+00
epoch 0254 | 5.19s | train_full 7.313868e-01 | test_full 1.012281e+00
epoch 0255 | 5.15s | train_full 7.314900e-01 | test_full 1.012274e+00
epoch 0256 | 5.09s | train_full 7.315166e-01 | test_full 1.012182e+00
epoch 0257 | 5.22s | train_full 7.315403e-01 | test_full 1.012397e+00
epoch 0258 | 5.20s | train_full 7.314692e-01 | test_full 1.012273e+00
epoch 0259 | 5.12s | train_full 7.314835e-01 | test_full 1.012295e+00
epoch 0260 | 5.15s | train_full 7.315154e-01 | test_full 1.012277e+00
epoch 0261 | 5.06s | train_full 7.314893e-01 | test_full 1.012233e+00
epoch 0262 | 5.12s | train_full 7.314977e-01 | test_full 1.012047e+00
epoch 0263 | 4.96s | train_full 7.312333e-01 | test_full 1.011490e+00
epoch 0264 | 5.12s | train_full 7.309502e-01 | test_full 1.011690e+00
epoch 0265 | 5.16s | train_full 7.313915e-01 | test_full 1.011797e+00
epoch 0266 | 5.08s | train_full 7.314577e-01 | test_full 1.011779e+00
epoch 0267 | 5.22s | train_full 7.314915e-01 | test_full 1.011902e+00
epoch 0268 | 5.07s | train_full 7.314864e-01 | test_full 1.011966e+00
epoch 0269 | 5.04s | train_full 7.315018e-01 | test_full 1.011869e+00
epoch 0270 | 4.98s | train_full 7.317795e-01 | test_full 1.012390e+00
epoch 0271 | 5.01s | train_full 7.318397e-01 | test_full 1.012188e+00
epoch 0272 | 4.87s | train_full 7.315247e-01 | test_full 1.011838e+00
epoch 0273 | 4.98s | train_full 7.313957e-01 | test_full 1.011637e+00
epoch 0274 | 5.40s | train_full 7.310212e-01 | test_full 1.011456e+00
epoch 0275 | 5.26s | train_full 7.310801e-01 | test_full 1.011455e+00
epoch 0276 | 5.24s | train_full 7.311045e-01 | test_full 1.011540e+00
epoch 0277 | 5.14s | train_full 7.310753e-01 | test_full 1.011370e+00
epoch 0278 | 5.14s | train_full 7.310571e-01 | test_full 1.011148e+00
epoch 0279 | 5.24s | train_full 7.306942e-01 | test_full 1.009534e+00
epoch 0280 | 5.20s | train_full 7.297684e-01 | test_full 1.009431e+00
epoch 0281 | 5.20s | train_full 7.298354e-01 | test_full 1.009767e+00
epoch 0282 | 5.21s | train_full 7.298800e-01 | test_full 1.009532e+00
epoch 0283 | 5.13s | train_full 7.298843e-01 | test_full 1.009515e+00
epoch 0284 | 5.31s | train_full 7.297951e-01 | test_full 1.009478e+00
epoch 0285 | 5.16s | train_full 7.300482e-01 | test_full 1.010460e+00
epoch 0286 | 5.04s | train_full 7.304721e-01 | test_full 1.010473e+00
epoch 0287 | 5.12s | train_full 7.304885e-01 | test_full 1.010581e+00
epoch 0288 | 5.09s | train_full 7.305177e-01 | test_full 1.010826e+00
epoch 0289 | 5.09s | train_full 7.306588e-01 | test_full 1.011052e+00
epoch 0290 | 5.30s | train_full 7.307145e-01 | test_full 1.011058e+00
epoch 0291 | 5.20s | train_full 7.307443e-01 | test_full 1.010815e+00
epoch 0292 | 5.16s | train_full 7.310614e-01 | test_full 1.011154e+00
epoch 0293 | 5.22s | train_full 7.311071e-01 | test_full 1.009868e+00
epoch 0294 | 5.13s | train_full 7.296546e-01 | test_full 1.009174e+00
epoch 0295 | 5.20s | train_full 7.295175e-01 | test_full 1.009194e+00
epoch 0296 | 5.21s | train_full 7.294695e-01 | test_full 1.008956e+00
epoch 0297 | 5.20s | train_full 7.293273e-01 | test_full 1.009787e+00
epoch 0298 | 5.28s | train_full 7.299172e-01 | test_full 1.010242e+00
epoch 0299 | 5.13s | train_full 7.298895e-01 | test_full 1.009811e+00
epoch 0300 | 5.26s | train_full 7.298395e-01 | test_full 1.009865e+00
epoch 0301 | 5.18s | train_full 7.299791e-01 | test_full 1.010492e+00
epoch 0302 | 5.16s | train_full 7.300370e-01 | test_full 1.010340e+00
epoch 0303 | 5.23s | train_full 7.300044e-01 | test_full 1.010376e+00
epoch 0304 | 5.23s | train_full 7.300363e-01 | test_full 1.010297e+00
epoch 0305 | 5.21s | train_full 7.299245e-01 | test_full 1.010126e+00
epoch 0306 | 5.40s | train_full 7.300678e-01 | test_full 1.010268e+00
epoch 0307 | 5.11s | train_full 7.300968e-01 | test_full 1.010333e+00
epoch 0308 | 5.21s | train_full 7.300856e-01 | test_full 1.010109e+00
epoch 0309 | 5.26s | train_full 7.299647e-01 | test_full 1.009752e+00
epoch 0310 | 5.47s | train_full 7.277605e-01 | test_full 1.006165e+00
epoch 0311 | 5.77s | train_full 7.274710e-01 | test_full 1.006376e+00
epoch 0312 | 5.13s | train_full 7.275916e-01 | test_full 1.006242e+00
epoch 0313 | 4.94s | train_full 7.282430e-01 | test_full 1.008274e+00
epoch 0314 | 4.91s | train_full 7.288117e-01 | test_full 1.008206e+00
epoch 0315 | 4.94s | train_full 7.288242e-01 | test_full 1.008108e+00
epoch 0316 | 5.05s | train_full 7.288309e-01 | test_full 1.008057e+00
epoch 0317 | 4.93s | train_full 7.292060e-01 | test_full 1.009203e+00
epoch 0318 | 4.91s | train_full 7.294229e-01 | test_full 1.009232e+00
epoch 0319 | 4.85s | train_full 7.295171e-01 | test_full 1.010631e+00
epoch 0320 | 5.24s | train_full 7.299446e-01 | test_full 1.010083e+00
epoch 0321 | 5.23s | train_full 7.299148e-01 | test_full 1.010616e+00
epoch 0322 | 5.13s | train_full 7.299261e-01 | test_full 1.009928e+00
epoch 0323 | 5.19s | train_full 7.297909e-01 | test_full 1.009497e+00
epoch 0324 | 5.42s | train_full 7.297796e-01 | test_full 1.009536e+00
epoch 0325 | 5.26s | train_full 7.297505e-01 | test_full 1.009612e+00
epoch 0326 | 5.23s | train_full 7.298031e-01 | test_full 1.009610e+00
epoch 0327 | 5.10s | train_full 7.296825e-01 | test_full 1.009761e+00
epoch 0328 | 4.84s | train_full 7.298241e-01 | test_full 1.009772e+00
epoch 0329 | 4.91s | train_full 7.298247e-01 | test_full 1.009724e+00
epoch 0330 | 4.85s | train_full 7.298981e-01 | test_full 1.009896e+00
epoch 0331 | 5.17s | train_full 7.298039e-01 | test_full 1.009581e+00
epoch 0332 | 5.27s | train_full 7.298085e-01 | test_full 1.009919e+00
epoch 0333 | 5.20s | train_full 7.298281e-01 | test_full 1.009950e+00
epoch 0334 | 5.09s | train_full 7.297762e-01 | test_full 1.009742e+00
epoch 0335 | 5.08s | train_full 7.297941e-01 | test_full 1.009862e+00
epoch 0336 | 5.20s | train_full 7.298008e-01 | test_full 1.009844e+00
epoch 0337 | 5.27s | train_full 7.297676e-01 | test_full 1.009923e+00
epoch 0338 | 5.14s | train_full 7.297676e-01 | test_full 1.009923e+00
epoch 0339 | 5.58s | train_full 7.297422e-01 | test_full 1.009612e+00
epoch 0340 | 5.24s | train_full 7.293696e-01 | test_full 1.007628e+00
epoch 0341 | 5.21s | train_full 7.301136e-01 | test_full 1.010999e+00
epoch 0342 | 5.35s | train_full 7.312424e-01 | test_full 1.011048e+00
epoch 0343 | 5.36s | train_full 7.310430e-01 | test_full 1.009941e+00
epoch 0344 | 4.87s | train_full 7.302133e-01 | test_full 1.009152e+00
epoch 0345 | 4.94s | train_full 7.300164e-01 | test_full 1.009209e+00
epoch 0346 | 4.94s | train_full 7.300705e-01 | test_full 1.009485e+00
epoch 0347 | 4.98s | train_full 7.301698e-01 | test_full 1.009611e+00
epoch 0348 | 5.01s | train_full 7.301633e-01 | test_full 1.009311e+00
epoch 0349 | 4.86s | train_full 7.300741e-01 | test_full 1.009573e+00
epoch 0350 | 5.00s | train_full 7.301254e-01 | test_full 1.009467e+00
epoch 0351 | 4.91s | train_full 7.301081e-01 | test_full 1.009558e+00
epoch 0352 | 4.86s | train_full 7.300819e-01 | test_full 1.009534e+00
epoch 0353 | 5.33s | train_full 7.301062e-01 | test_full 1.009472e+00
epoch 0354 | 5.34s | train_full 7.301113e-01 | test_full 1.009558e+00
epoch 0355 | 5.15s | train_full 7.299785e-01 | test_full 1.010784e+00
epoch 0356 | 5.24s | train_full 7.317117e-01 | test_full 1.011743e+00
epoch 0357 | 5.14s | train_full 7.318526e-01 | test_full 1.011769e+00
epoch 0358 | 5.14s | train_full 7.318490e-01 | test_full 1.011680e+00
epoch 0359 | 5.21s | train_full 7.317200e-01 | test_full 1.010645e+00
epoch 0360 | 5.03s | train_full 7.307453e-01 | test_full 1.009999e+00
epoch 0361 | 5.09s | train_full 7.305788e-01 | test_full 1.010127e+00
epoch 0362 | 5.16s | train_full 7.307210e-01 | test_full 1.010305e+00
epoch 0363 | 5.13s | train_full 7.307602e-01 | test_full 1.010283e+00
epoch 0364 | 5.10s | train_full 7.307764e-01 | test_full 1.010049e+00
epoch 0365 | 5.13s | train_full 7.295229e-01 | test_full 1.004370e+00
epoch 0366 | 5.15s | train_full 7.261222e-01 | test_full 1.003955e+00
epoch 0367 | 5.15s | train_full 7.262582e-01 | test_full 1.004437e+00
epoch 0368 | 5.14s | train_full 7.269720e-01 | test_full 1.006946e+00
epoch 0369 | 5.14s | train_full 7.276900e-01 | test_full 1.007099e+00
epoch 0370 | 5.21s | train_full 7.276759e-01 | test_full 1.007147e+00
epoch 0371 | 5.14s | train_full 7.276988e-01 | test_full 1.006890e+00
epoch 0372 | 5.07s | train_full 7.276672e-01 | test_full 1.006953e+00
epoch 0373 | 5.19s | train_full 7.276757e-01 | test_full 1.007070e+00
epoch 0374 | 5.37s | train_full 7.276955e-01 | test_full 1.007047e+00
epoch 0375 | 4.93s | train_full 7.276253e-01 | test_full 1.006936e+00
epoch 0376 | 4.92s | train_full 7.276443e-01 | test_full 1.006851e+00
epoch 0377 | 4.88s | train_full 7.277704e-01 | test_full 1.007318e+00
epoch 0378 | 4.88s | train_full 7.278550e-01 | test_full 1.007091e+00
epoch 0379 | 5.15s | train_full 7.278779e-01 | test_full 1.007218e+00
epoch 0380 | 5.13s | train_full 7.279080e-01 | test_full 1.007115e+00
epoch 0381 | 5.11s | train_full 7.279046e-01 | test_full 1.007308e+00
epoch 0382 | 5.14s | train_full 7.274800e-01 | test_full 1.006503e+00
epoch 0383 | 5.19s | train_full 7.273781e-01 | test_full 1.006428e+00
epoch 0384 | 4.98s | train_full 7.267583e-01 | test_full 1.005645e+00
epoch 0385 | 5.12s | train_full 7.266294e-01 | test_full 1.005670e+00
epoch 0386 | 5.12s | train_full 7.260789e-01 | test_full 1.004376e+00
epoch 0387 | 5.15s | train_full 7.262414e-01 | test_full 1.004551e+00
epoch 0388 | 5.16s | train_full 7.263672e-01 | test_full 1.004598e+00
epoch 0389 | 5.15s | train_full 7.263669e-01 | test_full 1.004479e+00
epoch 0390 | 5.19s | train_full 7.262695e-01 | test_full 1.004506e+00
epoch 0391 | 5.17s | train_full 7.262433e-01 | test_full 1.004497e+00
epoch 0392 | 4.92s | train_full 7.262768e-01 | test_full 1.004405e+00
epoch 0393 | 4.86s | train_full 7.262597e-01 | test_full 1.004544e+00
epoch 0394 | 4.81s | train_full 7.261030e-01 | test_full 1.003769e+00
epoch 0395 | 4.93s | train_full 7.257932e-01 | test_full 1.003841e+00
epoch 0396 | 4.92s | train_full 7.258309e-01 | test_full 1.003911e+00
epoch 0397 | 5.05s | train_full 7.258845e-01 | test_full 1.004014e+00
epoch 0398 | 4.88s | train_full 7.259477e-01 | test_full 1.004115e+00
epoch 0399 | 5.56s | train_full 7.261338e-01 | test_full 1.004233e+00
epoch 0400 | 5.31s | train_full 7.261410e-01 | test_full 1.004194e+00
epoch 0401 | 4.89s | train_full 7.261578e-01 | test_full 1.004140e+00
epoch 0402 | 4.90s | train_full 7.260070e-01 | test_full 1.003912e+00
epoch 0403 | 4.87s | train_full 7.256473e-01 | test_full 1.003697e+00
epoch 0404 | 5.27s | train_full 7.255424e-01 | test_full 1.003664e+00
epoch 0405 | 5.22s | train_full 7.255621e-01 | test_full 1.003728e+00
epoch 0406 | 5.18s | train_full 7.256120e-01 | test_full 1.003695e+00
epoch 0407 | 5.36s | train_full 7.255454e-01 | test_full 1.003503e+00
epoch 0408 | 5.21s | train_full 7.255178e-01 | test_full 1.003557e+00
epoch 0409 | 5.18s | train_full 7.256372e-01 | test_full 1.004190e+00
epoch 0410 | 5.15s | train_full 7.256436e-01 | test_full 1.004147e+00
epoch 0411 | 5.13s | train_full 7.255790e-01 | test_full 1.004172e+00
epoch 0412 | 5.29s | train_full 7.256139e-01 | test_full 1.003964e+00
epoch 0413 | 5.30s | train_full 7.255730e-01 | test_full 1.003972e+00
epoch 0414 | 5.17s | train_full 7.256334e-01 | test_full 1.004049e+00
epoch 0415 | 5.04s | train_full 7.256994e-01 | test_full 1.004168e+00
epoch 0416 | 5.49s | train_full 7.253004e-01 | test_full 1.002722e+00
epoch 0417 | 5.12s | train_full 7.247889e-01 | test_full 1.002669e+00
epoch 0418 | 5.06s | train_full 7.247230e-01 | test_full 1.002667e+00
epoch 0419 | 5.16s | train_full 7.247430e-01 | test_full 1.002757e+00
epoch 0420 | 5.20s | train_full 7.246370e-01 | test_full 1.002374e+00
epoch 0421 | 5.01s | train_full 7.246714e-01 | test_full 1.002525e+00
epoch 0422 | 5.07s | train_full 7.246708e-01 | test_full 1.002285e+00
epoch 0423 | 5.21s | train_full 7.246464e-01 | test_full 1.002498e+00
epoch 0424 | 5.17s | train_full 7.246461e-01 | test_full 1.002338e+00
epoch 0425 | 5.12s | train_full 7.246382e-01 | test_full 1.002302e+00
epoch 0426 | 5.14s | train_full 7.246479e-01 | test_full 1.002479e+00
epoch 0427 | 5.12s | train_full 7.247008e-01 | test_full 1.002402e+00
epoch 0428 | 5.07s | train_full 7.247167e-01 | test_full 1.002348e+00
epoch 0429 | 5.12s | train_full 7.247139e-01 | test_full 1.002401e+00
epoch 0430 | 5.12s | train_full 7.246909e-01 | test_full 1.002250e+00
epoch 0431 | 5.23s | train_full 7.247005e-01 | test_full 1.002251e+00
epoch 0432 | 5.07s | train_full 7.246835e-01 | test_full 1.002243e+00
epoch 0433 | 5.13s | train_full 7.246685e-01 | test_full 1.002251e+00
epoch 0434 | 5.17s | train_full 7.246457e-01 | test_full 1.002450e+00
epoch 0435 | 5.10s | train_full 7.246583e-01 | test_full 1.002101e+00
epoch 0436 | 5.19s | train_full 7.245242e-01 | test_full 1.002136e+00
epoch 0437 | 5.21s | train_full 7.244966e-01 | test_full 1.002228e+00
epoch 0438 | 5.12s | train_full 7.245011e-01 | test_full 1.002296e+00
epoch 0439 | 5.16s | train_full 7.244642e-01 | test_full 1.002279e+00
epoch 0440 | 5.05s | train_full 7.244089e-01 | test_full 1.001777e+00
epoch 0441 | 4.87s | train_full 7.242886e-01 | test_full 1.001651e+00
epoch 0442 | 4.91s | train_full 7.244379e-01 | test_full 1.002036e+00
epoch 0443 | 5.19s | train_full 7.244861e-01 | test_full 1.001957e+00
epoch 0444 | 5.22s | train_full 7.245126e-01 | test_full 1.002047e+00
epoch 0445 | 5.17s | train_full 7.244474e-01 | test_full 1.002161e+00
epoch 0446 | 4.93s | train_full 7.244565e-01 | test_full 1.002173e+00
epoch 0447 | 4.92s | train_full 7.245103e-01 | test_full 1.002329e+00
epoch 0448 | 4.84s | train_full 7.246439e-01 | test_full 1.002396e+00
epoch 0449 | 4.92s | train_full 7.246739e-01 | test_full 1.002270e+00
epoch 0450 | 4.84s | train_full 7.246694e-01 | test_full 1.002497e+00
epoch 0451 | 5.10s | train_full 7.246562e-01 | test_full 1.002296e+00
epoch 0452 | 5.11s | train_full 7.246921e-01 | test_full 1.002509e+00
epoch 0453 | 5.07s | train_full 7.246470e-01 | test_full 1.002541e+00
epoch 0454 | 5.72s | train_full 7.248091e-01 | test_full 1.002679e+00
epoch 0455 | 5.27s | train_full 7.248147e-01 | test_full 1.002575e+00
epoch 0456 | 5.27s | train_full 7.247669e-01 | test_full 1.002186e+00
epoch 0457 | 5.34s | train_full 7.246715e-01 | test_full 1.001704e+00
epoch 0458 | 5.29s | train_full 7.241520e-01 | test_full 1.001595e+00
epoch 0459 | 5.13s | train_full 7.237973e-01 | test_full 9.997204e-01
epoch 0460 | 5.11s | train_full 7.225874e-01 | test_full 9.993141e-01
epoch 0461 | 5.14s | train_full 7.226117e-01 | test_full 9.994136e-01
epoch 0462 | 5.29s | train_full 7.226417e-01 | test_full 9.994490e-01
epoch 0463 | 5.19s | train_full 7.225327e-01 | test_full 9.987706e-01
epoch 0464 | 5.13s | train_full 7.219885e-01 | test_full 9.985431e-01
epoch 0465 | 5.11s | train_full 7.219928e-01 | test_full 9.987098e-01
epoch 0466 | 5.09s | train_full 7.219341e-01 | test_full 9.987577e-01
epoch 0467 | 5.12s | train_full 7.220040e-01 | test_full 9.988857e-01
epoch 0468 | 5.03s | train_full 7.220065e-01 | test_full 9.986718e-01
epoch 0469 | 5.17s | train_full 7.219686e-01 | test_full 9.988655e-01
epoch 0470 | 5.14s | train_full 7.219743e-01 | test_full 9.988470e-01
epoch 0471 | 5.11s | train_full 7.220480e-01 | test_full 9.985884e-01
epoch 0472 | 5.29s | train_full 7.219968e-01 | test_full 9.985497e-01
epoch 0473 | 5.24s | train_full 7.219184e-01 | test_full 9.985836e-01
epoch 0474 | 5.39s | train_full 7.217609e-01 | test_full 9.975878e-01
epoch 0475 | 5.52s | train_full 7.208147e-01 | test_full 9.970939e-01
epoch 0476 | 5.27s | train_full 7.209378e-01 | test_full 9.980577e-01
epoch 0477 | 5.14s | train_full 7.214246e-01 | test_full 9.986973e-01
epoch 0478 | 5.60s | train_full 7.214670e-01 | test_full 9.985976e-01
epoch 0479 | 5.35s | train_full 7.214336e-01 | test_full 9.984821e-01
epoch 0480 | 5.10s | train_full 7.214359e-01 | test_full 9.985765e-01
epoch 0481 | 5.01s | train_full 7.214220e-01 | test_full 9.985413e-01
epoch 0482 | 4.85s | train_full 7.214316e-01 | test_full 9.986687e-01
epoch 0483 | 4.94s | train_full 7.214368e-01 | test_full 9.984423e-01
epoch 0484 | 5.00s | train_full 7.214262e-01 | test_full 9.986298e-01
epoch 0485 | 5.02s | train_full 7.214209e-01 | test_full 9.987490e-01
epoch 0486 | 4.96s | train_full 7.215982e-01 | test_full 9.989616e-01
epoch 0487 | 4.85s | train_full 7.216528e-01 | test_full 9.989447e-01
epoch 0488 | 5.12s | train_full 7.216672e-01 | test_full 9.988961e-01
epoch 0489 | 5.16s | train_full 7.216782e-01 | test_full 9.990117e-01
epoch 0490 | 5.27s | train_full 7.217228e-01 | test_full 9.991469e-01
epoch 0491 | 5.31s | train_full 7.216857e-01 | test_full 9.992501e-01
epoch 0492 | 5.27s | train_full 7.217050e-01 | test_full 9.991023e-01
epoch 0493 | 5.22s | train_full 7.217044e-01 | test_full 9.989617e-01
epoch 0494 | 5.26s | train_full 7.217116e-01 | test_full 9.991348e-01
epoch 0495 | 5.12s | train_full 7.216946e-01 | test_full 9.991167e-01
epoch 0496 | 5.15s | train_full 7.217368e-01 | test_full 9.992511e-01
epoch 0497 | 5.07s | train_full 7.216998e-01 | test_full 9.991816e-01
epoch 0498 | 5.12s | train_full 7.217089e-01 | test_full 9.990804e-01
epoch 0499 | 5.14s | train_full 7.217033e-01 | test_full 9.989997e-01
